<?xml version="1.0"?>
<link_info>
   <banner>TI ARM Linker PC v5.2.5</banner>
   <copyright>Copyright (c) 1996-2015 Texas Instruments Incorporated</copyright>
   <link_time>0x58519246</link_time>
   <link_errors>0x0</link_errors>
   <output_file>testeSd_card.out</output_file>
   <entry_point>
      <name>_c_int00</name>
      <address>0xab48</address>
   </entry_point>
   <input_file_list>
      <input_file id="fl-2">
         <path>.\source\</path>
         <kind>object</kind>
         <file>dabort.obj</file>
         <name>dabort.obj</name>
      </input_file>
      <input_file id="fl-3">
         <path>.\source\</path>
         <kind>object</kind>
         <file>esm.obj</file>
         <name>esm.obj</name>
      </input_file>
      <input_file id="fl-4">
         <path>.\source\</path>
         <kind>object</kind>
         <file>gio.obj</file>
         <name>gio.obj</name>
      </input_file>
      <input_file id="fl-5">
         <path>.\source\</path>
         <kind>object</kind>
         <file>het.obj</file>
         <name>het.obj</name>
      </input_file>
      <input_file id="fl-6">
         <path>.\source\</path>
         <kind>object</kind>
         <file>logutils.obj</file>
         <name>logutils.obj</name>
      </input_file>
      <input_file id="fl-7">
         <path>.\source\</path>
         <kind>object</kind>
         <file>notification.obj</file>
         <name>notification.obj</name>
      </input_file>
      <input_file id="fl-8">
         <path>.\source\</path>
         <kind>object</kind>
         <file>pinmux.obj</file>
         <name>pinmux.obj</name>
      </input_file>
      <input_file id="fl-9">
         <path>.\source\</path>
         <kind>object</kind>
         <file>spi.obj</file>
         <name>spi.obj</name>
      </input_file>
      <input_file id="fl-a">
         <path>.\source\</path>
         <kind>object</kind>
         <file>sys_core.obj</file>
         <name>sys_core.obj</name>
      </input_file>
      <input_file id="fl-b">
         <path>.\source\</path>
         <kind>object</kind>
         <file>sys_intvecs.obj</file>
         <name>sys_intvecs.obj</name>
      </input_file>
      <input_file id="fl-c">
         <path>.\source\</path>
         <kind>object</kind>
         <file>sys_main.obj</file>
         <name>sys_main.obj</name>
      </input_file>
      <input_file id="fl-d">
         <path>.\source\</path>
         <kind>object</kind>
         <file>sys_mpu.obj</file>
         <name>sys_mpu.obj</name>
      </input_file>
      <input_file id="fl-e">
         <path>.\source\</path>
         <kind>object</kind>
         <file>sys_pcr.obj</file>
         <name>sys_pcr.obj</name>
      </input_file>
      <input_file id="fl-f">
         <path>.\source\</path>
         <kind>object</kind>
         <file>sys_phantom.obj</file>
         <name>sys_phantom.obj</name>
      </input_file>
      <input_file id="fl-10">
         <path>.\source\</path>
         <kind>object</kind>
         <file>sys_pmu.obj</file>
         <name>sys_pmu.obj</name>
      </input_file>
      <input_file id="fl-11">
         <path>.\source\</path>
         <kind>object</kind>
         <file>sys_selftest.obj</file>
         <name>sys_selftest.obj</name>
      </input_file>
      <input_file id="fl-12">
         <path>.\source\</path>
         <kind>object</kind>
         <file>sys_startup.obj</file>
         <name>sys_startup.obj</name>
      </input_file>
      <input_file id="fl-13">
         <path>.\source\</path>
         <kind>object</kind>
         <file>sys_vim.obj</file>
         <name>sys_vim.obj</name>
      </input_file>
      <input_file id="fl-14">
         <path>.\source\</path>
         <kind>object</kind>
         <file>system.obj</file>
         <name>system.obj</name>
      </input_file>
      <input_file id="fl-15">
         <path>.\source\</path>
         <kind>object</kind>
         <file>usdcard.obj</file>
         <name>usdcard.obj</name>
      </input_file>
      <input_file id="fl-16">
         <path>.\source\</path>
         <kind>object</kind>
         <file>usdcard_tests.obj</file>
         <name>usdcard_tests.obj</name>
      </input_file>
      <input_file id="fl-13c">
         <path>C:\ti\ccsv6\tools\compiler\ti-cgt-arm_5.2.5\lib\</path>
         <kind>archive</kind>
         <file>rtsv7R4_A_be_eabi.lib</file>
         <name>autoinit.obj</name>
      </input_file>
      <input_file id="fl-13d">
         <path>C:\ti\ccsv6\tools\compiler\ti-cgt-arm_5.2.5\lib\</path>
         <kind>archive</kind>
         <file>rtsv7R4_A_be_eabi.lib</file>
         <name>copy_decompress_none.obj</name>
      </input_file>
      <input_file id="fl-13e">
         <path>C:\ti\ccsv6\tools\compiler\ti-cgt-arm_5.2.5\lib\</path>
         <kind>archive</kind>
         <file>rtsv7R4_A_be_eabi.lib</file>
         <name>copy_decompress_rle.obj</name>
      </input_file>
      <input_file id="fl-13f">
         <path>C:\ti\ccsv6\tools\compiler\ti-cgt-arm_5.2.5\lib\</path>
         <kind>archive</kind>
         <file>rtsv7R4_A_be_eabi.lib</file>
         <name>copy_zero_init.obj</name>
      </input_file>
      <input_file id="fl-140">
         <path>C:\ti\ccsv6\tools\compiler\ti-cgt-arm_5.2.5\lib\</path>
         <kind>archive</kind>
         <file>rtsv7R4_A_be_eabi.lib</file>
         <name>cpy_tbl.obj</name>
      </input_file>
      <input_file id="fl-141">
         <path>C:\ti\ccsv6\tools\compiler\ti-cgt-arm_5.2.5\lib\</path>
         <kind>archive</kind>
         <file>rtsv7R4_A_be_eabi.lib</file>
         <name>exit.obj</name>
      </input_file>
      <input_file id="fl-142">
         <path>C:\ti\ccsv6\tools\compiler\ti-cgt-arm_5.2.5\lib\</path>
         <kind>archive</kind>
         <file>rtsv7R4_A_be_eabi.lib</file>
         <name>fd_div32.obj</name>
      </input_file>
      <input_file id="fl-143">
         <path>C:\ti\ccsv6\tools\compiler\ti-cgt-arm_5.2.5\lib\</path>
         <kind>archive</kind>
         <file>rtsv7R4_A_be_eabi.lib</file>
         <name>fd_mul32.obj</name>
      </input_file>
      <input_file id="fl-144">
         <path>C:\ti\ccsv6\tools\compiler\ti-cgt-arm_5.2.5\lib\</path>
         <kind>archive</kind>
         <file>rtsv7R4_A_be_eabi.lib</file>
         <name>fd_tou32.obj</name>
      </input_file>
      <input_file id="fl-145">
         <path>C:\ti\ccsv6\tools\compiler\ti-cgt-arm_5.2.5\lib\</path>
         <kind>archive</kind>
         <file>rtsv7R4_A_be_eabi.lib</file>
         <name>memcpy32.obj</name>
      </input_file>
      <input_file id="fl-146">
         <path>C:\ti\ccsv6\tools\compiler\ti-cgt-arm_5.2.5\lib\</path>
         <kind>archive</kind>
         <file>rtsv7R4_A_be_eabi.lib</file>
         <name>memset32.obj</name>
      </input_file>
      <input_file id="fl-147">
         <path>C:\ti\ccsv6\tools\compiler\ti-cgt-arm_5.2.5\lib\</path>
         <kind>archive</kind>
         <file>rtsv7R4_A_be_eabi.lib</file>
         <name>printf.obj</name>
      </input_file>
      <input_file id="fl-148">
         <path>C:\ti\ccsv6\tools\compiler\ti-cgt-arm_5.2.5\lib\</path>
         <kind>archive</kind>
         <file>rtsv7R4_A_be_eabi.lib</file>
         <name>sprintf.obj</name>
      </input_file>
      <input_file id="fl-149">
         <path>C:\ti\ccsv6\tools\compiler\ti-cgt-arm_5.2.5\lib\</path>
         <kind>archive</kind>
         <file>rtsv7R4_A_be_eabi.lib</file>
         <name>strcpy.obj</name>
      </input_file>
      <input_file id="fl-14a">
         <path>C:\ti\ccsv6\tools\compiler\ti-cgt-arm_5.2.5\lib\</path>
         <kind>archive</kind>
         <file>rtsv7R4_A_be_eabi.lib</file>
         <name>strlen.obj</name>
      </input_file>
      <input_file id="fl-14b">
         <path>C:\ti\ccsv6\tools\compiler\ti-cgt-arm_5.2.5\lib\</path>
         <kind>archive</kind>
         <file>rtsv7R4_A_be_eabi.lib</file>
         <name>u_div32.obj</name>
      </input_file>
      <input_file id="fl-14c">
         <path>C:\ti\ccsv6\tools\compiler\ti-cgt-arm_5.2.5\lib\</path>
         <kind>archive</kind>
         <file>rtsv7R4_A_be_eabi.lib</file>
         <name>u_tofd32.obj</name>
      </input_file>
      <input_file id="fl-14d">
         <path>C:\ti\ccsv6\tools\compiler\ti-cgt-arm_5.2.5\lib\</path>
         <kind>archive</kind>
         <file>rtsv7R4_A_be_eabi.lib</file>
         <name>_lock.obj</name>
      </input_file>
      <input_file id="fl-14e">
         <path>C:\ti\ccsv6\tools\compiler\ti-cgt-arm_5.2.5\lib\</path>
         <kind>archive</kind>
         <file>rtsv7R4_A_be_eabi.lib</file>
         <name>_printfi.obj</name>
      </input_file>
      <input_file id="fl-14f">
         <path>C:\ti\ccsv6\tools\compiler\ti-cgt-arm_5.2.5\lib\</path>
         <kind>archive</kind>
         <file>rtsv7R4_A_be_eabi.lib</file>
         <name>atoi.obj</name>
      </input_file>
      <input_file id="fl-150">
         <path>C:\ti\ccsv6\tools\compiler\ti-cgt-arm_5.2.5\lib\</path>
         <kind>archive</kind>
         <file>rtsv7R4_A_be_eabi.lib</file>
         <name>ctype.obj</name>
      </input_file>
      <input_file id="fl-151">
         <path>C:\ti\ccsv6\tools\compiler\ti-cgt-arm_5.2.5\lib\</path>
         <kind>archive</kind>
         <file>rtsv7R4_A_be_eabi.lib</file>
         <name>defs.obj</name>
      </input_file>
      <input_file id="fl-152">
         <path>C:\ti\ccsv6\tools\compiler\ti-cgt-arm_5.2.5\lib\</path>
         <kind>archive</kind>
         <file>rtsv7R4_A_be_eabi.lib</file>
         <name>fd_add32.obj</name>
      </input_file>
      <input_file id="fl-153">
         <path>C:\ti\ccsv6\tools\compiler\ti-cgt-arm_5.2.5\lib\</path>
         <kind>archive</kind>
         <file>rtsv7R4_A_be_eabi.lib</file>
         <name>fd_cmp32.obj</name>
      </input_file>
      <input_file id="fl-154">
         <path>C:\ti\ccsv6\tools\compiler\ti-cgt-arm_5.2.5\lib\</path>
         <kind>archive</kind>
         <file>rtsv7R4_A_be_eabi.lib</file>
         <name>fd_toi32.obj</name>
      </input_file>
      <input_file id="fl-155">
         <path>C:\ti\ccsv6\tools\compiler\ti-cgt-arm_5.2.5\lib\</path>
         <kind>archive</kind>
         <file>rtsv7R4_A_be_eabi.lib</file>
         <name>fputc.obj</name>
      </input_file>
      <input_file id="fl-156">
         <path>C:\ti\ccsv6\tools\compiler\ti-cgt-arm_5.2.5\lib\</path>
         <kind>archive</kind>
         <file>rtsv7R4_A_be_eabi.lib</file>
         <name>fputs.obj</name>
      </input_file>
      <input_file id="fl-157">
         <path>C:\ti\ccsv6\tools\compiler\ti-cgt-arm_5.2.5\lib\</path>
         <kind>archive</kind>
         <file>rtsv7R4_A_be_eabi.lib</file>
         <name>frexp.obj</name>
      </input_file>
      <input_file id="fl-158">
         <path>C:\ti\ccsv6\tools\compiler\ti-cgt-arm_5.2.5\lib\</path>
         <kind>archive</kind>
         <file>rtsv7R4_A_be_eabi.lib</file>
         <name>i_div0.obj</name>
      </input_file>
      <input_file id="fl-159">
         <path>C:\ti\ccsv6\tools\compiler\ti-cgt-arm_5.2.5\lib\</path>
         <kind>archive</kind>
         <file>rtsv7R4_A_be_eabi.lib</file>
         <name>i_tofd32.obj</name>
      </input_file>
      <input_file id="fl-15a">
         <path>C:\ti\ccsv6\tools\compiler\ti-cgt-arm_5.2.5\lib\</path>
         <kind>archive</kind>
         <file>rtsv7R4_A_be_eabi.lib</file>
         <name>ldexp.obj</name>
      </input_file>
      <input_file id="fl-15b">
         <path>C:\ti\ccsv6\tools\compiler\ti-cgt-arm_5.2.5\lib\</path>
         <kind>archive</kind>
         <file>rtsv7R4_A_be_eabi.lib</file>
         <name>lowlev.obj</name>
      </input_file>
      <input_file id="fl-15c">
         <path>C:\ti\ccsv6\tools\compiler\ti-cgt-arm_5.2.5\lib\</path>
         <kind>archive</kind>
         <file>rtsv7R4_A_be_eabi.lib</file>
         <name>ltoa.obj</name>
      </input_file>
      <input_file id="fl-15d">
         <path>C:\ti\ccsv6\tools\compiler\ti-cgt-arm_5.2.5\lib\</path>
         <kind>archive</kind>
         <file>rtsv7R4_A_be_eabi.lib</file>
         <name>memccpy.obj</name>
      </input_file>
      <input_file id="fl-15e">
         <path>C:\ti\ccsv6\tools\compiler\ti-cgt-arm_5.2.5\lib\</path>
         <kind>archive</kind>
         <file>rtsv7R4_A_be_eabi.lib</file>
         <name>memchr.obj</name>
      </input_file>
      <input_file id="fl-15f">
         <path>C:\ti\ccsv6\tools\compiler\ti-cgt-arm_5.2.5\lib\</path>
         <kind>archive</kind>
         <file>rtsv7R4_A_be_eabi.lib</file>
         <name>strchr.obj</name>
      </input_file>
      <input_file id="fl-160">
         <path>C:\ti\ccsv6\tools\compiler\ti-cgt-arm_5.2.5\lib\</path>
         <kind>archive</kind>
         <file>rtsv7R4_A_be_eabi.lib</file>
         <name>strcmp.obj</name>
      </input_file>
      <input_file id="fl-161">
         <path>C:\ti\ccsv6\tools\compiler\ti-cgt-arm_5.2.5\lib\</path>
         <kind>archive</kind>
         <file>rtsv7R4_A_be_eabi.lib</file>
         <name>strncpy.obj</name>
      </input_file>
      <input_file id="fl-162">
         <path>C:\ti\ccsv6\tools\compiler\ti-cgt-arm_5.2.5\lib\</path>
         <kind>archive</kind>
         <file>rtsv7R4_A_be_eabi.lib</file>
         <name>trgdrv.obj</name>
      </input_file>
      <input_file id="fl-163">
         <path>C:\ti\ccsv6\tools\compiler\ti-cgt-arm_5.2.5\lib\</path>
         <kind>archive</kind>
         <file>rtsv7R4_A_be_eabi.lib</file>
         <name>trgmsg.obj</name>
      </input_file>
      <input_file id="fl-164">
         <path>C:\ti\ccsv6\tools\compiler\ti-cgt-arm_5.2.5\lib\</path>
         <kind>archive</kind>
         <file>rtsv7R4_A_be_eabi.lib</file>
         <name>ull_div32.obj</name>
      </input_file>
      <input_file id="fl-165">
         <path>C:\ti\ccsv6\tools\compiler\ti-cgt-arm_5.2.5\lib\</path>
         <kind>archive</kind>
         <file>rtsv7R4_A_be_eabi.lib</file>
         <name>xdclass.obj</name>
      </input_file>
      <input_file id="fl-166">
         <path>C:\ti\ccsv6\tools\compiler\ti-cgt-arm_5.2.5\lib\</path>
         <kind>archive</kind>
         <file>rtsv7R4_A_be_eabi.lib</file>
         <name>xdscale.obj</name>
      </input_file>
      <input_file id="fl-167">
         <path>C:\ti\ccsv6\tools\compiler\ti-cgt-arm_5.2.5\lib\</path>
         <kind>archive</kind>
         <file>rtsv7R4_A_be_eabi.lib</file>
         <name>xdunscal.obj</name>
      </input_file>
      <input_file id="fl-168">
         <path>C:\ti\ccsv6\tools\compiler\ti-cgt-arm_5.2.5\lib\</path>
         <kind>archive</kind>
         <file>rtsv7R4_A_be_eabi.lib</file>
         <name>xferaise.obj</name>
      </input_file>
      <input_file id="fl-169">
         <path>C:\ti\ccsv6\tools\compiler\ti-cgt-arm_5.2.5\lib\</path>
         <kind>archive</kind>
         <file>rtsv7R4_A_be_eabi.lib</file>
         <name>xvalues.obj</name>
      </input_file>
      <input_file id="fl-16a">
         <path>C:\ti\ccsv6\tools\compiler\ti-cgt-arm_5.2.5\lib\</path>
         <kind>archive</kind>
         <file>rtsv7R4_A_be_eabi.lib</file>
         <name>_io_perm.obj</name>
      </input_file>
      <input_file id="fl-16b">
         <path>C:\ti\ccsv6\tools\compiler\ti-cgt-arm_5.2.5\lib\</path>
         <kind>archive</kind>
         <file>rtsv7R4_A_be_eabi.lib</file>
         <name>errno.obj</name>
      </input_file>
      <input_file id="fl-16c">
         <path>C:\ti\ccsv6\tools\compiler\ti-cgt-arm_5.2.5\lib\</path>
         <kind>archive</kind>
         <file>rtsv7R4_A_be_eabi.lib</file>
         <name>feraiseexcept.obj</name>
      </input_file>
      <input_file id="fl-16d">
         <path>C:\ti\ccsv6\tools\compiler\ti-cgt-arm_5.2.5\lib\</path>
         <kind>archive</kind>
         <file>rtsv7R4_A_be_eabi.lib</file>
         <name>fflush.obj</name>
      </input_file>
      <input_file id="fl-16e">
         <path>C:\ti\ccsv6\tools\compiler\ti-cgt-arm_5.2.5\lib\</path>
         <kind>archive</kind>
         <file>rtsv7R4_A_be_eabi.lib</file>
         <name>fseek.obj</name>
      </input_file>
      <input_file id="fl-16f">
         <path>C:\ti\ccsv6\tools\compiler\ti-cgt-arm_5.2.5\lib\</path>
         <kind>archive</kind>
         <file>rtsv7R4_A_be_eabi.lib</file>
         <name>i_div32.obj</name>
      </input_file>
      <input_file id="fl-170">
         <path>C:\ti\ccsv6\tools\compiler\ti-cgt-arm_5.2.5\lib\</path>
         <kind>archive</kind>
         <file>rtsv7R4_A_be_eabi.lib</file>
         <name>raise.obj</name>
      </input_file>
      <input_file id="fl-171">
         <path>C:\ti\ccsv6\tools\compiler\ti-cgt-arm_5.2.5\lib\</path>
         <kind>archive</kind>
         <file>rtsv7R4_A_be_eabi.lib</file>
         <name>setvbuf.obj</name>
      </input_file>
      <input_file id="fl-172">
         <path>C:\ti\ccsv6\tools\compiler\ti-cgt-arm_5.2.5\lib\</path>
         <kind>archive</kind>
         <file>rtsv7R4_A_be_eabi.lib</file>
         <name>signal.obj</name>
      </input_file>
      <input_file id="fl-173">
         <path>C:\ti\ccsv6\tools\compiler\ti-cgt-arm_5.2.5\lib\</path>
         <kind>archive</kind>
         <file>rtsv7R4_A_be_eabi.lib</file>
         <name>xdnorm.obj</name>
      </input_file>
      <input_file id="fl-174">
         <path>C:\ti\ccsv6\tools\compiler\ti-cgt-arm_5.2.5\lib\</path>
         <kind>archive</kind>
         <file>rtsv7R4_A_be_eabi.lib</file>
         <name>fopen.obj</name>
      </input_file>
      <input_file id="fl-175">
         <path>C:\ti\ccsv6\tools\compiler\ti-cgt-arm_5.2.5\lib\</path>
         <kind>archive</kind>
         <file>rtsv7R4_A_be_eabi.lib</file>
         <name>memory.obj</name>
      </input_file>
      <input_file id="fl-176">
         <path>C:\ti\ccsv6\tools\compiler\ti-cgt-arm_5.2.5\lib\</path>
         <kind>archive</kind>
         <file>rtsv7R4_A_be_eabi.lib</file>
         <name>fclose.obj</name>
      </input_file>
      <input_file id="fl-177">
         <path>C:\ti\ccsv6\tools\compiler\ti-cgt-arm_5.2.5\lib\</path>
         <kind>archive</kind>
         <file>rtsv7R4_A_be_eabi.lib</file>
         <name>remove.obj</name>
      </input_file>
   </input_file_list>
   <object_component_list>
      <object_component id="oc-2d">
         <name>.intvecs</name>
         <load_address>0x0</load_address>
         <run_address>0x0</run_address>
         <size>0x20</size>
         <input_file_ref idref="fl-b"/>
      </object_component>
      <object_component id="oc-77">
         <name>.text</name>
         <load_address>0x20</load_address>
         <run_address>0x20</run_address>
         <size>0x24f0</size>
         <input_file_ref idref="fl-11"/>
      </object_component>
      <object_component id="oc-1d1">
         <name>.text</name>
         <load_address>0x2510</load_address>
         <run_address>0x2510</run_address>
         <size>0x1a7c</size>
         <input_file_ref idref="fl-14e"/>
      </object_component>
      <object_component id="oc-10b">
         <name>.text</name>
         <load_address>0x3f8c</load_address>
         <run_address>0x3f8c</run_address>
         <size>0x10b4</size>
         <input_file_ref idref="fl-15"/>
      </object_component>
      <object_component id="oc-11d">
         <name>.text</name>
         <load_address>0x5040</load_address>
         <run_address>0x5040</run_address>
         <size>0xda4</size>
         <input_file_ref idref="fl-16"/>
      </object_component>
      <object_component id="oc-ff">
         <name>.text</name>
         <load_address>0x5de4</load_address>
         <run_address>0x5de4</run_address>
         <size>0xadc</size>
         <input_file_ref idref="fl-9"/>
      </object_component>
      <object_component id="oc-71">
         <name>.text</name>
         <load_address>0x68c0</load_address>
         <run_address>0x68c0</run_address>
         <size>0xa64</size>
         <input_file_ref idref="fl-14"/>
      </object_component>
      <object_component id="oc-105">
         <name>.text</name>
         <load_address>0x7324</load_address>
         <run_address>0x7324</run_address>
         <size>0x90c</size>
         <input_file_ref idref="fl-5"/>
      </object_component>
      <object_component id="oc-3c">
         <name>.text</name>
         <load_address>0x7c30</load_address>
         <run_address>0x7c30</run_address>
         <size>0x898</size>
         <input_file_ref idref="fl-13"/>
      </object_component>
      <object_component id="oc-37e">
         <name>.text</name>
         <load_address>0x84c8</load_address>
         <run_address>0x84c8</run_address>
         <size>0x63c</size>
         <input_file_ref idref="fl-175"/>
      </object_component>
      <object_component id="oc-7d">
         <name>.text</name>
         <load_address>0x8b04</load_address>
         <run_address>0x8b04</run_address>
         <size>0x5e8</size>
         <input_file_ref idref="fl-3"/>
      </object_component>
      <object_component id="oc-260">
         <name>.text</name>
         <load_address>0x90ec</load_address>
         <run_address>0x90ec</run_address>
         <size>0x548</size>
         <input_file_ref idref="fl-15b"/>
      </object_component>
      <object_component id="oc-39b">
         <name>.text</name>
         <load_address>0x9634</load_address>
         <run_address>0x9634</run_address>
         <size>0x4cc</size>
         <input_file_ref idref="fl-162"/>
      </object_component>
      <object_component id="oc-f9">
         <name>.text</name>
         <load_address>0x9b00</load_address>
         <run_address>0x9b00</run_address>
         <size>0x36c</size>
         <input_file_ref idref="fl-4"/>
      </object_component>
      <object_component id="oc-384">
         <name>.text</name>
         <load_address>0x9e6c</load_address>
         <run_address>0x9e6c</run_address>
         <size>0x2d4</size>
         <input_file_ref idref="fl-174"/>
      </object_component>
      <object_component id="oc-6c">
         <name>.text</name>
         <load_address>0xa140</load_address>
         <run_address>0xa140</run_address>
         <size>0x2d0</size>
         <input_file_ref idref="fl-a"/>
      </object_component>
      <object_component id="oc-270">
         <name>.text</name>
         <load_address>0xa410</load_address>
         <run_address>0xa410</run_address>
         <size>0x2b8</size>
         <input_file_ref idref="fl-164"/>
      </object_component>
      <object_component id="oc-38">
         <name>.text:retain</name>
         <load_address>0xa6c8</load_address>
         <run_address>0xa6c8</run_address>
         <size>0x26c</size>
         <input_file_ref idref="fl-13"/>
      </object_component>
      <object_component id="oc-28f">
         <name>.text</name>
         <load_address>0xa934</load_address>
         <run_address>0xa934</run_address>
         <size>0x214</size>
         <input_file_ref idref="fl-152"/>
      </object_component>
      <object_component id="oc-1e">
         <name>.text:retain</name>
         <load_address>0xab48</load_address>
         <run_address>0xab48</run_address>
         <size>0x208</size>
         <input_file_ref idref="fl-12"/>
      </object_component>
      <object_component id="oc-1cb">
         <name>.text</name>
         <load_address>0xad50</load_address>
         <run_address>0xad50</run_address>
         <size>0x1d4</size>
         <input_file_ref idref="fl-156"/>
      </object_component>
      <object_component id="oc-356">
         <name>.text</name>
         <load_address>0xaf24</load_address>
         <run_address>0xaf24</run_address>
         <size>0x1a0</size>
         <input_file_ref idref="fl-166"/>
      </object_component>
      <object_component id="oc-1f7">
         <name>.text</name>
         <load_address>0xb0c4</load_address>
         <run_address>0xb0c4</run_address>
         <size>0x190</size>
         <input_file_ref idref="fl-142"/>
      </object_component>
      <object_component id="oc-47">
         <name>.text</name>
         <load_address>0xb254</load_address>
         <run_address>0xb254</run_address>
         <size>0x180</size>
         <input_file_ref idref="fl-145"/>
      </object_component>
      <object_component id="oc-3af">
         <name>.text</name>
         <load_address>0xb3d4</load_address>
         <run_address>0xb3d4</run_address>
         <size>0x160</size>
         <input_file_ref idref="fl-173"/>
      </object_component>
      <object_component id="oc-317">
         <name>.text</name>
         <load_address>0xb534</load_address>
         <run_address>0xb534</run_address>
         <size>0x158</size>
         <input_file_ref idref="fl-171"/>
      </object_component>
      <object_component id="oc-d5">
         <name>.text</name>
         <load_address>0xb68c</load_address>
         <run_address>0xb68c</run_address>
         <size>0x154</size>
         <input_file_ref idref="fl-8"/>
      </object_component>
      <object_component id="oc-25a">
         <name>.text</name>
         <load_address>0xb7e0</load_address>
         <run_address>0xb7e0</run_address>
         <size>0x130</size>
         <input_file_ref idref="fl-16d"/>
      </object_component>
      <object_component id="oc-89">
         <name>.text</name>
         <load_address>0xb910</load_address>
         <run_address>0xb910</run_address>
         <size>0x12c</size>
         <input_file_ref idref="fl-c"/>
      </object_component>
      <object_component id="oc-1f2">
         <name>.text</name>
         <load_address>0xba3c</load_address>
         <run_address>0xba3c</run_address>
         <size>0x128</size>
         <input_file_ref idref="fl-143"/>
      </object_component>
      <object_component id="oc-254">
         <name>.text</name>
         <load_address>0xbb64</load_address>
         <run_address>0xbb64</run_address>
         <size>0x118</size>
         <input_file_ref idref="fl-16a"/>
      </object_component>
      <object_component id="oc-1c5">
         <name>.text</name>
         <load_address>0xbc7c</load_address>
         <run_address>0xbc7c</run_address>
         <size>0x10c</size>
         <input_file_ref idref="fl-155"/>
      </object_component>
      <object_component id="oc-3d9">
         <name>.text</name>
         <load_address>0xbd88</load_address>
         <run_address>0xbd88</run_address>
         <size>0xfc</size>
         <input_file_ref idref="fl-176"/>
      </object_component>
      <object_component id="oc-24">
         <name>.text:retain</name>
         <load_address>0xbe84</load_address>
         <run_address>0xbe84</run_address>
         <size>0xec</size>
         <input_file_ref idref="fl-3"/>
      </object_component>
      <object_component id="oc-a5">
         <name>.text</name>
         <load_address>0xbf70</load_address>
         <run_address>0xbf70</run_address>
         <size>0xe8</size>
         <input_file_ref idref="fl-2"/>
      </object_component>
      <object_component id="oc-275">
         <name>.text:__aeabi_cdcmple</name>
         <load_address>0xc058</load_address>
         <run_address>0xc058</run_address>
         <size>0xe0</size>
         <input_file_ref idref="fl-153"/>
      </object_component>
      <object_component id="oc-27a">
         <name>.text:__aeabi_cdrcmple</name>
         <load_address>0xc138</load_address>
         <run_address>0xc138</run_address>
         <size>0xe0</size>
         <input_file_ref idref="fl-153"/>
      </object_component>
      <object_component id="oc-dd">
         <name>.text</name>
         <load_address>0xc218</load_address>
         <run_address>0xc218</run_address>
         <size>0xe0</size>
         <input_file_ref idref="fl-10"/>
      </object_component>
      <object_component id="oc-96">
         <name>.text</name>
         <load_address>0xc2f8</load_address>
         <run_address>0xc2f8</run_address>
         <size>0xd0</size>
         <input_file_ref idref="fl-7"/>
      </object_component>
      <object_component id="oc-117">
         <name>.text</name>
         <load_address>0xc3c8</load_address>
         <run_address>0xc3c8</run_address>
         <size>0xc4</size>
         <input_file_ref idref="fl-6"/>
      </object_component>
      <object_component id="oc-34e">
         <name>.text</name>
         <load_address>0xc48c</load_address>
         <run_address>0xc48c</run_address>
         <size>0xb4</size>
         <input_file_ref idref="fl-167"/>
      </object_component>
      <object_component id="oc-60">
         <name>.text</name>
         <load_address>0xc540</load_address>
         <run_address>0xc540</run_address>
         <size>0xb0</size>
         <input_file_ref idref="fl-146"/>
      </object_component>
      <object_component id="oc-311">
         <name>.text</name>
         <load_address>0xc5f0</load_address>
         <run_address>0xc5f0</run_address>
         <size>0xa8</size>
         <input_file_ref idref="fl-16e"/>
      </object_component>
      <object_component id="oc-111">
         <name>.text</name>
         <load_address>0xc698</load_address>
         <run_address>0xc698</run_address>
         <size>0xa8</size>
         <input_file_ref idref="fl-148"/>
      </object_component>
      <object_component id="oc-83">
         <name>.text</name>
         <load_address>0xc740</load_address>
         <run_address>0xc740</run_address>
         <size>0xa4</size>
         <input_file_ref idref="fl-13c"/>
      </object_component>
      <object_component id="oc-f3">
         <name>.text</name>
         <load_address>0xc7e4</load_address>
         <run_address>0xc7e4</run_address>
         <size>0xa4</size>
         <input_file_ref idref="fl-147"/>
      </object_component>
      <object_component id="oc-3e8">
         <name>.text</name>
         <load_address>0xc888</load_address>
         <run_address>0xc888</run_address>
         <size>0xa4</size>
         <input_file_ref idref="fl-163"/>
      </object_component>
      <object_component id="oc-53">
         <name>.text</name>
         <load_address>0xc92c</load_address>
         <run_address>0xc92c</run_address>
         <size>0x9c</size>
         <input_file_ref idref="fl-13e"/>
      </object_component>
      <object_component id="oc-2b2">
         <name>.text</name>
         <load_address>0xc9c8</load_address>
         <run_address>0xc9c8</run_address>
         <size>0x84</size>
         <input_file_ref idref="fl-14f"/>
      </object_component>
      <object_component id="oc-eb">
         <name>.text</name>
         <load_address>0xca4c</load_address>
         <run_address>0xca4c</run_address>
         <size>0x84</size>
         <input_file_ref idref="fl-140"/>
      </object_component>
      <object_component id="oc-284">
         <name>.text</name>
         <load_address>0xcad0</load_address>
         <run_address>0xcad0</run_address>
         <size>0x80</size>
         <input_file_ref idref="fl-15c"/>
      </object_component>
      <object_component id="oc-8f">
         <name>.text</name>
         <load_address>0xcb50</load_address>
         <run_address>0xcb50</run_address>
         <size>0x78</size>
         <input_file_ref idref="fl-141"/>
      </object_component>
      <object_component id="oc-29a">
         <name>.text</name>
         <load_address>0xcbc8</load_address>
         <run_address>0xcbc8</run_address>
         <size>0x68</size>
         <input_file_ref idref="fl-15a"/>
      </object_component>
      <object_component id="oc-424">
         <name>.text</name>
         <load_address>0xcc30</load_address>
         <run_address>0xcc30</run_address>
         <size>0x64</size>
         <input_file_ref idref="fl-172"/>
      </object_component>
      <object_component id="oc-27f">
         <name>.text</name>
         <load_address>0xcc94</load_address>
         <run_address>0xcc94</run_address>
         <size>0x5c</size>
         <input_file_ref idref="fl-154"/>
      </object_component>
      <object_component id="oc-1fc">
         <name>.text</name>
         <load_address>0xccf0</load_address>
         <run_address>0xccf0</run_address>
         <size>0x58</size>
         <input_file_ref idref="fl-144"/>
      </object_component>
      <object_component id="oc-3be">
         <name>.text</name>
         <load_address>0xcd48</load_address>
         <run_address>0xcd48</run_address>
         <size>0x58</size>
         <input_file_ref idref="fl-16c"/>
      </object_component>
      <object_component id="oc-345">
         <name>.text</name>
         <load_address>0xcda0</load_address>
         <run_address>0xcda0</run_address>
         <size>0x54</size>
         <input_file_ref idref="fl-16f"/>
      </object_component>
      <object_component id="oc-1ed">
         <name>.text</name>
         <load_address>0xcdf4</load_address>
         <run_address>0xcdf4</run_address>
         <size>0x50</size>
         <input_file_ref idref="fl-14b"/>
      </object_component>
      <object_component id="oc-404">
         <name>.text</name>
         <load_address>0xce44</load_address>
         <run_address>0xce44</run_address>
         <size>0x4c</size>
         <input_file_ref idref="fl-170"/>
      </object_component>
      <object_component id="oc-32a">
         <name>.text</name>
         <load_address>0xce90</load_address>
         <run_address>0xce90</run_address>
         <size>0x48</size>
         <input_file_ref idref="fl-161"/>
      </object_component>
      <object_component id="oc-35c">
         <name>.text</name>
         <load_address>0xced8</load_address>
         <run_address>0xced8</run_address>
         <size>0x44</size>
         <input_file_ref idref="fl-168"/>
      </object_component>
      <object_component id="oc-28a">
         <name>.text</name>
         <load_address>0xcf1c</load_address>
         <run_address>0xcf1c</run_address>
         <size>0x3c</size>
         <input_file_ref idref="fl-159"/>
      </object_component>
      <object_component id="oc-2a6">
         <name>.text</name>
         <load_address>0xcf58</load_address>
         <run_address>0xcf58</run_address>
         <size>0x38</size>
         <input_file_ref idref="fl-165"/>
      </object_component>
      <object_component id="oc-201">
         <name>.text</name>
         <load_address>0xcf90</load_address>
         <run_address>0xcf90</run_address>
         <size>0x34</size>
         <input_file_ref idref="fl-14c"/>
      </object_component>
      <object_component id="oc-294">
         <name>.text</name>
         <load_address>0xcfc4</load_address>
         <run_address>0xcfc4</run_address>
         <size>0x30</size>
         <input_file_ref idref="fl-157"/>
      </object_component>
      <object_component id="oc-2ac">
         <name>.text</name>
         <load_address>0xcff4</load_address>
         <run_address>0xcff4</run_address>
         <size>0x2c</size>
         <input_file_ref idref="fl-15d"/>
      </object_component>
      <object_component id="oc-268">
         <name>.text</name>
         <load_address>0xd020</load_address>
         <run_address>0xd020</run_address>
         <size>0x2c</size>
         <input_file_ref idref="fl-15e"/>
      </object_component>
      <object_component id="oc-2a0">
         <name>.text</name>
         <load_address>0xd04c</load_address>
         <run_address>0xd04c</run_address>
         <size>0x28</size>
         <input_file_ref idref="fl-15f"/>
      </object_component>
      <object_component id="oc-324">
         <name>.text</name>
         <load_address>0xd074</load_address>
         <run_address>0xd074</run_address>
         <size>0x28</size>
         <input_file_ref idref="fl-160"/>
      </object_component>
      <object_component id="oc-235">
         <name>.text</name>
         <load_address>0xd09c</load_address>
         <run_address>0xd09c</run_address>
         <size>0x24</size>
         <input_file_ref idref="fl-14d"/>
      </object_component>
      <object_component id="oc-21d">
         <name>.text</name>
         <load_address>0xd0c0</load_address>
         <run_address>0xd0c0</run_address>
         <size>0x20</size>
         <input_file_ref idref="fl-14a"/>
      </object_component>
      <object_component id="oc-123">
         <name>.text</name>
         <load_address>0xd0e0</load_address>
         <run_address>0xd0e0</run_address>
         <size>0x18</size>
         <input_file_ref idref="fl-149"/>
      </object_component>
      <object_component id="oc-c">
         <name>.text:decompress:none</name>
         <load_address>0xd0f8</load_address>
         <run_address>0xd0f8</run_address>
         <size>0x14</size>
         <input_file_ref idref="fl-13d"/>
      </object_component>
      <object_component id="oc-18">
         <name>.text:decompress:ZI</name>
         <load_address>0xd10c</load_address>
         <run_address>0xd10c</run_address>
         <size>0x10</size>
         <input_file_ref idref="fl-13f"/>
      </object_component>
      <object_component id="oc-12">
         <name>.text:decompress:rle24</name>
         <load_address>0xd11c</load_address>
         <run_address>0xd11c</run_address>
         <size>0x8</size>
         <input_file_ref idref="fl-13e"/>
      </object_component>
      <object_component id="oc-32">
         <name>.text:retain</name>
         <load_address>0xd124</load_address>
         <run_address>0xd124</run_address>
         <size>0x4</size>
         <input_file_ref idref="fl-f"/>
      </object_component>
      <object_component id="oc-2e3">
         <name>.text</name>
         <load_address>0xd128</load_address>
         <run_address>0xd128</run_address>
         <size>0x4</size>
         <input_file_ref idref="fl-158"/>
      </object_component>
      <object_component id="oc-206">
         <name>.const:het1PROGRAM</name>
         <load_address>0xd12c</load_address>
         <run_address>0xd12c</run_address>
         <size>0x3a0</size>
         <input_file_ref idref="fl-5"/>
      </object_component>
      <object_component id="oc-2a">
         <name>.const:s_vim_init</name>
         <load_address>0xd4cc</load_address>
         <run_address>0xd4cc</run_address>
         <size>0x180</size>
         <input_file_ref idref="fl-13"/>
      </object_component>
      <object_component id="oc-369">
         <name>.const:.string:_ctypes_</name>
         <load_address>0xd64c</load_address>
         <run_address>0xd64c</run_address>
         <size>0x101</size>
         <input_file_ref idref="fl-150"/>
      </object_component>
      <object_component id="oc-209">
         <name>.const</name>
         <load_address>0xd750</load_address>
         <run_address>0xd750</run_address>
         <size>0x20</size>
         <input_file_ref idref="fl-5"/>
      </object_component>
      <object_component id="oc-213">
         <name>.const</name>
         <load_address>0xd770</load_address>
         <run_address>0xd770</run_address>
         <size>0xa</size>
         <input_file_ref idref="fl-15"/>
      </object_component>
      <object_component id="oc-470">
         <name>.cinit..data.load</name>
         <load_address>0xd780</load_address>
         <run_address>0xd780</run_address>
         <size>0xb3</size>
      </object_component>
      <object_component id="oc-46d">
         <name>__TI_handler_table</name>
         <load_address>0xd834</load_address>
         <run_address>0xd834</run_address>
         <size>0xc</size>
      </object_component>
      <object_component id="oc-46f">
         <name>.cinit..bss.load</name>
         <load_address>0xd840</load_address>
         <run_address>0xd840</run_address>
         <size>0x8</size>
      </object_component>
      <object_component id="oc-46e">
         <name>__TI_cinit_table</name>
         <load_address>0xd848</load_address>
         <run_address>0xd848</run_address>
         <size>0x10</size>
      </object_component>
      <object_component id="oc-44">
         <name>.sysmem</name>
         <uninitialized>true</uninitialized>
         <run_address>0x8001f10</run_address>
         <size>0x8</size>
         <input_file_ref idref="fl-175"/>
      </object_component>
      <object_component id="oc-471">
         <name>.sysmem</name>
         <uninitialized>true</uninitialized>
         <run_address>0x8001f10</run_address>
         <size>0x0</size>
      </object_component>
      <object_component id="oc-1e3">
         <name>.bss:g_spiPacket_t</name>
         <uninitialized>true</uninitialized>
         <run_address>0x8001ec0</run_address>
         <size>0x48</size>
         <input_file_ref idref="fl-9"/>
      </object_component>
      <object_component id="oc-225">
         <name>.bss:buffer</name>
         <uninitialized>true</uninitialized>
         <run_address>0x8001900</run_address>
         <size>0x400</size>
         <input_file_ref idref="fl-16"/>
      </object_component>
      <object_component id="oc-228">
         <name>.bss:abuffer</name>
         <uninitialized>true</uninitialized>
         <run_address>0x8001500</run_address>
         <size>0x400</size>
         <input_file_ref idref="fl-16"/>
      </object_component>
      <object_component id="oc-414">
         <name>.bss:__TI_tmpnams</name>
         <uninitialized>true</uninitialized>
         <run_address>0x8001e20</run_address>
         <size>0xa0</size>
         <input_file_ref idref="fl-151"/>
      </object_component>
      <object_component id="oc-41b">
         <name>.bss:__CIOBUF_</name>
         <uninitialized>true</uninitialized>
         <run_address>0x8001d00</run_address>
         <size>0x120</size>
         <input_file_ref idref="fl-163"/>
      </object_component>
      <object_component id="oc-3ee">
         <name>.common:parmbuf</name>
         <uninitialized>true</uninitialized>
         <run_address>0x8001f08</run_address>
         <size>0x8</size>
      </object_component>
      <object_component id="oc-216">
         <name>.data</name>
         <load_address>0x8002a34</load_address>
         <run_address>0x8002a34</run_address>
         <size>0x5</size>
         <input_file_ref idref="fl-15"/>
      </object_component>
      <object_component id="oc-12e">
         <name>.data</name>
         <load_address>0x8002a24</load_address>
         <run_address>0x8002a24</run_address>
         <size>0x8</size>
         <input_file_ref idref="fl-141"/>
      </object_component>
      <object_component id="oc-12b">
         <name>.data</name>
         <load_address>0x8002a1c</load_address>
         <run_address>0x8002a1c</run_address>
         <size>0x8</size>
         <input_file_ref idref="fl-14d"/>
      </object_component>
      <object_component id="oc-1d7">
         <name>.data:_ftable</name>
         <load_address>0x8002710</load_address>
         <run_address>0x8002710</run_address>
         <size>0xf0</size>
         <input_file_ref idref="fl-151"/>
      </object_component>
      <object_component id="oc-31f">
         <name>.data</name>
         <load_address>0x8002a00</load_address>
         <run_address>0x8002a00</run_address>
         <size>0x10</size>
         <input_file_ref idref="fl-151"/>
      </object_component>
      <object_component id="oc-330">
         <name>.data</name>
         <load_address>0x8002800</load_address>
         <run_address>0x8002800</run_address>
         <size>0xd0</size>
         <input_file_ref idref="fl-15b"/>
      </object_component>
      <object_component id="oc-3b9">
         <name>.data</name>
         <load_address>0x8002980</load_address>
         <run_address>0x8002980</run_address>
         <size>0x80</size>
         <input_file_ref idref="fl-169"/>
      </object_component>
      <object_component id="oc-3c4">
         <name>.data</name>
         <load_address>0x8002a3c</load_address>
         <run_address>0x8002a3c</run_address>
         <size>0x4</size>
         <input_file_ref idref="fl-16b"/>
      </object_component>
      <object_component id="oc-40a">
         <name>.data</name>
         <load_address>0x8002a2c</load_address>
         <run_address>0x8002a2c</run_address>
         <size>0x8</size>
         <input_file_ref idref="fl-16c"/>
      </object_component>
      <object_component id="oc-43d">
         <name>.data:sigtable</name>
         <load_address>0x80028d0</load_address>
         <run_address>0x80028d0</run_address>
         <size>0xb0</size>
         <input_file_ref idref="fl-172"/>
      </object_component>
      <object_component id="oc-3df">
         <name>.data</name>
         <load_address>0x8002a40</load_address>
         <run_address>0x8002a40</run_address>
         <size>0x4</size>
         <input_file_ref idref="fl-174"/>
      </object_component>
      <object_component id="oc-3d5">
         <name>.data</name>
         <load_address>0x8002a10</load_address>
         <run_address>0x8002a10</run_address>
         <size>0xc</size>
         <input_file_ref idref="fl-175"/>
      </object_component>
      <object_component id="oc-a6">
         <name>.debug_info</name>
         <load_address>0x0</load_address>
         <run_address>0x0</run_address>
         <size>0x103</size>
         <input_file_ref idref="fl-2"/>
      </object_component>
      <object_component id="oc-ea">
         <name>.debug_info</name>
         <load_address>0x103</load_address>
         <run_address>0x103</run_address>
         <size>0x173</size>
         <input_file_ref idref="fl-3"/>
      </object_component>
      <object_component id="oc-7e">
         <name>.debug_info</name>
         <load_address>0x276</load_address>
         <run_address>0x276</run_address>
         <size>0xb28</size>
         <input_file_ref idref="fl-3"/>
      </object_component>
      <object_component id="oc-25">
         <name>.debug_info</name>
         <load_address>0xd9e</load_address>
         <run_address>0xd9e</run_address>
         <size>0x188</size>
         <input_file_ref idref="fl-3"/>
      </object_component>
      <object_component id="oc-9d">
         <name>.debug_info</name>
         <load_address>0xf26</load_address>
         <run_address>0xf26</run_address>
         <size>0x157</size>
         <input_file_ref idref="fl-3"/>
      </object_component>
      <object_component id="oc-13b">
         <name>.debug_info</name>
         <load_address>0x107d</load_address>
         <run_address>0x107d</run_address>
         <size>0x8b</size>
         <input_file_ref idref="fl-3"/>
      </object_component>
      <object_component id="oc-ae">
         <name>.debug_info</name>
         <load_address>0x1108</load_address>
         <run_address>0x1108</run_address>
         <size>0x18c</size>
         <input_file_ref idref="fl-3"/>
      </object_component>
      <object_component id="oc-136">
         <name>.debug_info</name>
         <load_address>0x1294</load_address>
         <run_address>0x1294</run_address>
         <size>0x18b</size>
         <input_file_ref idref="fl-3"/>
      </object_component>
      <object_component id="oc-b3">
         <name>.debug_info</name>
         <load_address>0x141f</load_address>
         <run_address>0x141f</run_address>
         <size>0x86</size>
         <input_file_ref idref="fl-3"/>
      </object_component>
      <object_component id="oc-1dc">
         <name>.debug_info</name>
         <load_address>0x14a5</load_address>
         <run_address>0x14a5</run_address>
         <size>0x4e</size>
         <input_file_ref idref="fl-3"/>
      </object_component>
      <object_component id="oc-142">
         <name>.debug_info</name>
         <load_address>0x14f3</load_address>
         <run_address>0x14f3</run_address>
         <size>0x1de</size>
         <input_file_ref idref="fl-3"/>
      </object_component>
      <object_component id="oc-e5">
         <name>.debug_info</name>
         <load_address>0x16d1</load_address>
         <run_address>0x16d1</run_address>
         <size>0x129</size>
         <input_file_ref idref="fl-3"/>
      </object_component>
      <object_component id="oc-15b">
         <name>.debug_info</name>
         <load_address>0x17fa</load_address>
         <run_address>0x17fa</run_address>
         <size>0x2cf</size>
         <input_file_ref idref="fl-3"/>
      </object_component>
      <object_component id="oc-1e2">
         <name>.debug_info</name>
         <load_address>0x1ac9</load_address>
         <run_address>0x1ac9</run_address>
         <size>0xf6</size>
         <input_file_ref idref="fl-4"/>
      </object_component>
      <object_component id="oc-fa">
         <name>.debug_info</name>
         <load_address>0x1bbf</load_address>
         <run_address>0x1bbf</run_address>
         <size>0x6d5</size>
         <input_file_ref idref="fl-4"/>
      </object_component>
      <object_component id="oc-14c">
         <name>.debug_info</name>
         <load_address>0x2294</load_address>
         <run_address>0x2294</run_address>
         <size>0x1f9</size>
         <input_file_ref idref="fl-4"/>
      </object_component>
      <object_component id="oc-2d5">
         <name>.debug_info</name>
         <load_address>0x248d</load_address>
         <run_address>0x248d</run_address>
         <size>0xda</size>
         <input_file_ref idref="fl-4"/>
      </object_component>
      <object_component id="oc-20d">
         <name>.debug_info</name>
         <load_address>0x2567</load_address>
         <run_address>0x2567</run_address>
         <size>0x183</size>
         <input_file_ref idref="fl-5"/>
      </object_component>
      <object_component id="oc-20a">
         <name>.debug_info</name>
         <load_address>0x26ea</load_address>
         <run_address>0x26ea</run_address>
         <size>0xeb</size>
         <input_file_ref idref="fl-5"/>
      </object_component>
      <object_component id="oc-207">
         <name>.debug_info</name>
         <load_address>0x27d5</load_address>
         <run_address>0x27d5</run_address>
         <size>0xdf</size>
         <input_file_ref idref="fl-5"/>
      </object_component>
      <object_component id="oc-106">
         <name>.debug_info</name>
         <load_address>0x28b4</load_address>
         <run_address>0x28b4</run_address>
         <size>0xe99</size>
         <input_file_ref idref="fl-5"/>
      </object_component>
      <object_component id="oc-cc">
         <name>.debug_info</name>
         <load_address>0x374d</load_address>
         <run_address>0x374d</run_address>
         <size>0x2c</size>
         <input_file_ref idref="fl-5"/>
      </object_component>
      <object_component id="oc-18f">
         <name>.debug_info</name>
         <load_address>0x3779</load_address>
         <run_address>0x3779</run_address>
         <size>0x3d3</size>
         <input_file_ref idref="fl-5"/>
      </object_component>
      <object_component id="oc-20e">
         <name>.debug_info</name>
         <load_address>0x3b4c</load_address>
         <run_address>0x3b4c</run_address>
         <size>0x2e3</size>
         <input_file_ref idref="fl-5"/>
      </object_component>
      <object_component id="oc-224">
         <name>.debug_info</name>
         <load_address>0x3e2f</load_address>
         <run_address>0x3e2f</run_address>
         <size>0x1ba</size>
         <input_file_ref idref="fl-6"/>
      </object_component>
      <object_component id="oc-118">
         <name>.debug_info</name>
         <load_address>0x3fe9</load_address>
         <run_address>0x3fe9</run_address>
         <size>0x1f0</size>
         <input_file_ref idref="fl-6"/>
      </object_component>
      <object_component id="oc-1e8">
         <name>.debug_info</name>
         <load_address>0x41d9</load_address>
         <run_address>0x41d9</run_address>
         <size>0x375</size>
         <input_file_ref idref="fl-6"/>
      </object_component>
      <object_component id="oc-230">
         <name>.debug_info</name>
         <load_address>0x454e</load_address>
         <run_address>0x454e</run_address>
         <size>0x26c</size>
         <input_file_ref idref="fl-6"/>
      </object_component>
      <object_component id="oc-135">
         <name>.debug_info</name>
         <load_address>0x47ba</load_address>
         <run_address>0x47ba</run_address>
         <size>0x2aa</size>
         <input_file_ref idref="fl-7"/>
      </object_component>
      <object_component id="oc-97">
         <name>.debug_info</name>
         <load_address>0x4a64</load_address>
         <run_address>0x4a64</run_address>
         <size>0x942</size>
         <input_file_ref idref="fl-7"/>
      </object_component>
      <object_component id="oc-176">
         <name>.debug_info</name>
         <load_address>0x53a6</load_address>
         <run_address>0x53a6</run_address>
         <size>0x791</size>
         <input_file_ref idref="fl-7"/>
      </object_component>
      <object_component id="oc-17b">
         <name>.debug_info</name>
         <load_address>0x5b37</load_address>
         <run_address>0x5b37</run_address>
         <size>0x4de</size>
         <input_file_ref idref="fl-7"/>
      </object_component>
      <object_component id="oc-180">
         <name>.debug_info</name>
         <load_address>0x6015</load_address>
         <run_address>0x6015</run_address>
         <size>0x3ce</size>
         <input_file_ref idref="fl-7"/>
      </object_component>
      <object_component id="oc-185">
         <name>.debug_info</name>
         <load_address>0x63e3</load_address>
         <run_address>0x63e3</run_address>
         <size>0x437</size>
         <input_file_ref idref="fl-7"/>
      </object_component>
      <object_component id="oc-1b0">
         <name>.debug_info</name>
         <load_address>0x681a</load_address>
         <run_address>0x681a</run_address>
         <size>0x37b</size>
         <input_file_ref idref="fl-7"/>
      </object_component>
      <object_component id="oc-18a">
         <name>.debug_info</name>
         <load_address>0x6b95</load_address>
         <run_address>0x6b95</run_address>
         <size>0x1ca</size>
         <input_file_ref idref="fl-7"/>
      </object_component>
      <object_component id="oc-147">
         <name>.debug_info</name>
         <load_address>0x6d5f</load_address>
         <run_address>0x6d5f</run_address>
         <size>0x435</size>
         <input_file_ref idref="fl-7"/>
      </object_component>
      <object_component id="oc-1a3">
         <name>.debug_info</name>
         <load_address>0x7194</load_address>
         <run_address>0x7194</run_address>
         <size>0x510</size>
         <input_file_ref idref="fl-7"/>
      </object_component>
      <object_component id="oc-199">
         <name>.debug_info</name>
         <load_address>0x76a4</load_address>
         <run_address>0x76a4</run_address>
         <size>0x1de</size>
         <input_file_ref idref="fl-7"/>
      </object_component>
      <object_component id="oc-1a8">
         <name>.debug_info</name>
         <load_address>0x7882</load_address>
         <run_address>0x7882</run_address>
         <size>0x17a</size>
         <input_file_ref idref="fl-7"/>
      </object_component>
      <object_component id="oc-151">
         <name>.debug_info</name>
         <load_address>0x79fc</load_address>
         <run_address>0x79fc</run_address>
         <size>0x642</size>
         <input_file_ref idref="fl-7"/>
      </object_component>
      <object_component id="oc-156">
         <name>.debug_info</name>
         <load_address>0x803e</load_address>
         <run_address>0x803e</run_address>
         <size>0x13e</size>
         <input_file_ref idref="fl-7"/>
      </object_component>
      <object_component id="oc-173">
         <name>.debug_info</name>
         <load_address>0x817c</load_address>
         <run_address>0x817c</run_address>
         <size>0xdd</size>
         <input_file_ref idref="fl-8"/>
      </object_component>
      <object_component id="oc-d9">
         <name>.debug_info</name>
         <load_address>0x8259</load_address>
         <run_address>0x8259</run_address>
         <size>0x1e2</size>
         <input_file_ref idref="fl-8"/>
      </object_component>
      <object_component id="oc-194">
         <name>.debug_info</name>
         <load_address>0x843b</load_address>
         <run_address>0x843b</run_address>
         <size>0x1d8</size>
         <input_file_ref idref="fl-8"/>
      </object_component>
      <object_component id="oc-247">
         <name>.debug_info</name>
         <load_address>0x8613</load_address>
         <run_address>0x8613</run_address>
         <size>0xc6</size>
         <input_file_ref idref="fl-8"/>
      </object_component>
      <object_component id="oc-1e7">
         <name>.debug_info</name>
         <load_address>0x86d9</load_address>
         <run_address>0x86d9</run_address>
         <size>0x12d</size>
         <input_file_ref idref="fl-9"/>
      </object_component>
      <object_component id="oc-1e4">
         <name>.debug_info</name>
         <load_address>0x8806</load_address>
         <run_address>0x8806</run_address>
         <size>0xe3</size>
         <input_file_ref idref="fl-9"/>
      </object_component>
      <object_component id="oc-101">
         <name>.debug_info</name>
         <load_address>0x88e9</load_address>
         <run_address>0x88e9</run_address>
         <size>0xf75</size>
         <input_file_ref idref="fl-9"/>
      </object_component>
      <object_component id="oc-2de">
         <name>.debug_info</name>
         <load_address>0x985e</load_address>
         <run_address>0x985e</run_address>
         <size>0xc7</size>
         <input_file_ref idref="fl-9"/>
      </object_component>
      <object_component id="oc-6f">
         <name>.debug_info</name>
         <load_address>0x9925</load_address>
         <run_address>0x9925</run_address>
         <size>0x784</size>
         <input_file_ref idref="fl-a"/>
      </object_component>
      <object_component id="oc-30">
         <name>.debug_info</name>
         <load_address>0xa0a9</load_address>
         <run_address>0xa0a9</run_address>
         <size>0x10b</size>
         <input_file_ref idref="fl-b"/>
      </object_component>
      <object_component id="oc-12a">
         <name>.debug_info</name>
         <load_address>0xa1b4</load_address>
         <run_address>0xa1b4</run_address>
         <size>0x256</size>
         <input_file_ref idref="fl-c"/>
      </object_component>
      <object_component id="oc-8d">
         <name>.debug_info</name>
         <load_address>0xa40a</load_address>
         <run_address>0xa40a</run_address>
         <size>0x1ed</size>
         <input_file_ref idref="fl-c"/>
      </object_component>
      <object_component id="oc-24c">
         <name>.debug_info</name>
         <load_address>0xa5f7</load_address>
         <run_address>0xa5f7</run_address>
         <size>0xfc</size>
         <input_file_ref idref="fl-e"/>
      </object_component>
      <object_component id="oc-30c">
         <name>.debug_info</name>
         <load_address>0xa6f3</load_address>
         <run_address>0xa6f3</run_address>
         <size>0x242</size>
         <input_file_ref idref="fl-e"/>
      </object_component>
      <object_component id="oc-19e">
         <name>.debug_info</name>
         <load_address>0xa935</load_address>
         <run_address>0xa935</run_address>
         <size>0x2af</size>
         <input_file_ref idref="fl-e"/>
      </object_component>
      <object_component id="oc-34">
         <name>.debug_info</name>
         <load_address>0xabe4</load_address>
         <run_address>0xabe4</run_address>
         <size>0x139</size>
         <input_file_ref idref="fl-f"/>
      </object_component>
      <object_component id="oc-de">
         <name>.debug_info</name>
         <load_address>0xad1d</load_address>
         <run_address>0xad1d</run_address>
         <size>0x36a</size>
         <input_file_ref idref="fl-10"/>
      </object_component>
      <object_component id="oc-e3">
         <name>.debug_info</name>
         <load_address>0xb087</load_address>
         <run_address>0xb087</run_address>
         <size>0x4be</size>
         <input_file_ref idref="fl-11"/>
      </object_component>
      <object_component id="oc-78">
         <name>.debug_info</name>
         <load_address>0xb545</load_address>
         <run_address>0xb545</run_address>
         <size>0x27fe</size>
         <input_file_ref idref="fl-11"/>
      </object_component>
      <object_component id="oc-1f">
         <name>.debug_info</name>
         <load_address>0xdd43</load_address>
         <run_address>0xdd43</run_address>
         <size>0x4ea</size>
         <input_file_ref idref="fl-12"/>
      </object_component>
      <object_component id="oc-a4">
         <name>.debug_info</name>
         <load_address>0xe22d</load_address>
         <run_address>0xe22d</run_address>
         <size>0x29a</size>
         <input_file_ref idref="fl-13"/>
      </object_component>
      <object_component id="oc-2b">
         <name>.debug_info</name>
         <load_address>0xe4c7</load_address>
         <run_address>0xe4c7</run_address>
         <size>0xe1</size>
         <input_file_ref idref="fl-13"/>
      </object_component>
      <object_component id="oc-3d">
         <name>.debug_info</name>
         <load_address>0xe5a8</load_address>
         <run_address>0xe5a8</run_address>
         <size>0x473</size>
         <input_file_ref idref="fl-13"/>
      </object_component>
      <object_component id="oc-39">
         <name>.debug_info</name>
         <load_address>0xea1b</load_address>
         <run_address>0xea1b</run_address>
         <size>0x1fc</size>
         <input_file_ref idref="fl-13"/>
      </object_component>
      <object_component id="oc-160">
         <name>.debug_info</name>
         <load_address>0xec17</load_address>
         <run_address>0xec17</run_address>
         <size>0x5d</size>
         <input_file_ref idref="fl-13"/>
      </object_component>
      <object_component id="oc-dc">
         <name>.debug_info</name>
         <load_address>0xec74</load_address>
         <run_address>0xec74</run_address>
         <size>0x36a</size>
         <input_file_ref idref="fl-14"/>
      </object_component>
      <object_component id="oc-73">
         <name>.debug_info</name>
         <load_address>0xefde</load_address>
         <run_address>0xefde</run_address>
         <size>0x732</size>
         <input_file_ref idref="fl-14"/>
      </object_component>
      <object_component id="oc-21a">
         <name>.debug_info</name>
         <load_address>0xf710</load_address>
         <run_address>0xf710</run_address>
         <size>0x281</size>
         <input_file_ref idref="fl-15"/>
      </object_component>
      <object_component id="oc-217">
         <name>.debug_info</name>
         <load_address>0xf991</load_address>
         <run_address>0xf991</run_address>
         <size>0xff</size>
         <input_file_ref idref="fl-15"/>
      </object_component>
      <object_component id="oc-214">
         <name>.debug_info</name>
         <load_address>0xfa90</load_address>
         <run_address>0xfa90</run_address>
         <size>0xf9</size>
         <input_file_ref idref="fl-15"/>
      </object_component>
      <object_component id="oc-10d">
         <name>.debug_info</name>
         <load_address>0xfb89</load_address>
         <run_address>0xfb89</run_address>
         <size>0x1239</size>
         <input_file_ref idref="fl-15"/>
      </object_component>
      <object_component id="oc-302">
         <name>.debug_info</name>
         <load_address>0x10dc2</load_address>
         <run_address>0x10dc2</run_address>
         <size>0x1ff</size>
         <input_file_ref idref="fl-16"/>
      </object_component>
      <object_component id="oc-226">
         <name>.debug_info</name>
         <load_address>0x10fc1</load_address>
         <run_address>0x10fc1</run_address>
         <size>0xe0</size>
         <input_file_ref idref="fl-16"/>
      </object_component>
      <object_component id="oc-229">
         <name>.debug_info</name>
         <load_address>0x110a1</load_address>
         <run_address>0x110a1</run_address>
         <size>0xe2</size>
         <input_file_ref idref="fl-16"/>
      </object_component>
      <object_component id="oc-11f">
         <name>.debug_info</name>
         <load_address>0x11183</load_address>
         <run_address>0x11183</run_address>
         <size>0xa4e</size>
         <input_file_ref idref="fl-16"/>
      </object_component>
      <object_component id="oc-f2">
         <name>.debug_info</name>
         <load_address>0x11bd1</load_address>
         <run_address>0x11bd1</run_address>
         <size>0x286</size>
         <input_file_ref idref="fl-13c"/>
      </object_component>
      <object_component id="oc-87">
         <name>.debug_info</name>
         <load_address>0x11e57</load_address>
         <run_address>0x11e57</run_address>
         <size>0x140</size>
         <input_file_ref idref="fl-13c"/>
      </object_component>
      <object_component id="oc-c4">
         <name>.debug_info</name>
         <load_address>0x11f97</load_address>
         <run_address>0x11f97</run_address>
         <size>0x84</size>
         <input_file_ref idref="fl-13c"/>
      </object_component>
      <object_component id="oc-1bb">
         <name>.debug_info</name>
         <load_address>0x1201b</load_address>
         <run_address>0x1201b</run_address>
         <size>0x39</size>
         <input_file_ref idref="fl-13c"/>
      </object_component>
      <object_component id="oc-1c0">
         <name>.debug_info</name>
         <load_address>0x12054</load_address>
         <run_address>0x12054</run_address>
         <size>0xcd</size>
         <input_file_ref idref="fl-13c"/>
      </object_component>
      <object_component id="oc-52">
         <name>.debug_info</name>
         <load_address>0x12121</load_address>
         <run_address>0x12121</run_address>
         <size>0x104</size>
         <input_file_ref idref="fl-13d"/>
      </object_component>
      <object_component id="oc-e">
         <name>.debug_info</name>
         <load_address>0x12225</load_address>
         <run_address>0x12225</run_address>
         <size>0x193</size>
         <input_file_ref idref="fl-13d"/>
      </object_component>
      <object_component id="oc-4d">
         <name>.debug_info</name>
         <load_address>0x123b8</load_address>
         <run_address>0x123b8</run_address>
         <size>0x46</size>
         <input_file_ref idref="fl-13d"/>
      </object_component>
      <object_component id="oc-bd">
         <name>.debug_info</name>
         <load_address>0x123fe</load_address>
         <run_address>0x123fe</run_address>
         <size>0x2c</size>
         <input_file_ref idref="fl-13d"/>
      </object_component>
      <object_component id="oc-5a">
         <name>.debug_info</name>
         <load_address>0x1242a</load_address>
         <run_address>0x1242a</run_address>
         <size>0xfd</size>
         <input_file_ref idref="fl-13e"/>
      </object_component>
      <object_component id="oc-55">
         <name>.debug_info</name>
         <load_address>0x12527</load_address>
         <run_address>0x12527</run_address>
         <size>0x210</size>
         <input_file_ref idref="fl-13e"/>
      </object_component>
      <object_component id="oc-15">
         <name>.debug_info</name>
         <load_address>0x12737</load_address>
         <run_address>0x12737</run_address>
         <size>0x17a</size>
         <input_file_ref idref="fl-13e"/>
      </object_component>
      <object_component id="oc-5b">
         <name>.debug_info</name>
         <load_address>0x128b1</load_address>
         <run_address>0x128b1</run_address>
         <size>0x39</size>
         <input_file_ref idref="fl-13e"/>
      </object_component>
      <object_component id="oc-6b">
         <name>.debug_info</name>
         <load_address>0x128ea</load_address>
         <run_address>0x128ea</run_address>
         <size>0xf3</size>
         <input_file_ref idref="fl-13f"/>
      </object_component>
      <object_component id="oc-19">
         <name>.debug_info</name>
         <load_address>0x129dd</load_address>
         <run_address>0x129dd</run_address>
         <size>0x15e</size>
         <input_file_ref idref="fl-13f"/>
      </object_component>
      <object_component id="oc-66">
         <name>.debug_info</name>
         <load_address>0x12b3b</load_address>
         <run_address>0x12b3b</run_address>
         <size>0x46</size>
         <input_file_ref idref="fl-13f"/>
      </object_component>
      <object_component id="oc-1b8">
         <name>.debug_info</name>
         <load_address>0x12b81</load_address>
         <run_address>0x12b81</run_address>
         <size>0x1a9</size>
         <input_file_ref idref="fl-140"/>
      </object_component>
      <object_component id="oc-ec">
         <name>.debug_info</name>
         <load_address>0x12d2a</load_address>
         <run_address>0x12d2a</run_address>
         <size>0x14c</size>
         <input_file_ref idref="fl-140"/>
      </object_component>
      <object_component id="oc-24f">
         <name>.debug_info</name>
         <load_address>0x12e76</load_address>
         <run_address>0x12e76</run_address>
         <size>0x2c</size>
         <input_file_ref idref="fl-140"/>
      </object_component>
      <object_component id="oc-132">
         <name>.debug_info</name>
         <load_address>0x12ea2</load_address>
         <run_address>0x12ea2</run_address>
         <size>0x15a</size>
         <input_file_ref idref="fl-141"/>
      </object_component>
      <object_component id="oc-12f">
         <name>.debug_info</name>
         <load_address>0x12ffc</load_address>
         <run_address>0x12ffc</run_address>
         <size>0xff</size>
         <input_file_ref idref="fl-141"/>
      </object_component>
      <object_component id="oc-90">
         <name>.debug_info</name>
         <load_address>0x130fb</load_address>
         <run_address>0x130fb</run_address>
         <size>0x1d6</size>
         <input_file_ref idref="fl-141"/>
      </object_component>
      <object_component id="oc-1f8">
         <name>.debug_info</name>
         <load_address>0x132d1</load_address>
         <run_address>0x132d1</run_address>
         <size>0x10d</size>
         <input_file_ref idref="fl-142"/>
      </object_component>
      <object_component id="oc-1f4">
         <name>.debug_info</name>
         <load_address>0x133de</load_address>
         <run_address>0x133de</run_address>
         <size>0x10d</size>
         <input_file_ref idref="fl-143"/>
      </object_component>
      <object_component id="oc-1fd">
         <name>.debug_info</name>
         <load_address>0x134eb</load_address>
         <run_address>0x134eb</run_address>
         <size>0x106</size>
         <input_file_ref idref="fl-144"/>
      </object_component>
      <object_component id="oc-4a">
         <name>.debug_info</name>
         <load_address>0x135f1</load_address>
         <run_address>0x135f1</run_address>
         <size>0x149</size>
         <input_file_ref idref="fl-145"/>
      </object_component>
      <object_component id="oc-61">
         <name>.debug_info</name>
         <load_address>0x1373a</load_address>
         <run_address>0x1373a</run_address>
         <size>0x111</size>
         <input_file_ref idref="fl-146"/>
      </object_component>
      <object_component id="oc-1db">
         <name>.debug_info</name>
         <load_address>0x1384b</load_address>
         <run_address>0x1384b</run_address>
         <size>0x1f5</size>
         <input_file_ref idref="fl-147"/>
      </object_component>
      <object_component id="oc-f5">
         <name>.debug_info</name>
         <load_address>0x13a40</load_address>
         <run_address>0x13a40</run_address>
         <size>0x24d</size>
         <input_file_ref idref="fl-147"/>
      </object_component>
      <object_component id="oc-2ce">
         <name>.debug_info</name>
         <load_address>0x13c8d</load_address>
         <run_address>0x13c8d</run_address>
         <size>0xae</size>
         <input_file_ref idref="fl-147"/>
      </object_component>
      <object_component id="oc-21c">
         <name>.debug_info</name>
         <load_address>0x13d3b</load_address>
         <run_address>0x13d3b</run_address>
         <size>0x184</size>
         <input_file_ref idref="fl-148"/>
      </object_component>
      <object_component id="oc-112">
         <name>.debug_info</name>
         <load_address>0x13ebf</load_address>
         <run_address>0x13ebf</run_address>
         <size>0x2b8</size>
         <input_file_ref idref="fl-148"/>
      </object_component>
      <object_component id="oc-2bf">
         <name>.debug_info</name>
         <load_address>0x14177</load_address>
         <run_address>0x14177</run_address>
         <size>0x2c</size>
         <input_file_ref idref="fl-148"/>
      </object_component>
      <object_component id="oc-22d">
         <name>.debug_info</name>
         <load_address>0x141a3</load_address>
         <run_address>0x141a3</run_address>
         <size>0xb9</size>
         <input_file_ref idref="fl-149"/>
      </object_component>
      <object_component id="oc-124">
         <name>.debug_info</name>
         <load_address>0x1425c</load_address>
         <run_address>0x1425c</run_address>
         <size>0x19a</size>
         <input_file_ref idref="fl-149"/>
      </object_component>
      <object_component id="oc-2fd">
         <name>.debug_info</name>
         <load_address>0x143f6</load_address>
         <run_address>0x143f6</run_address>
         <size>0xb3</size>
         <input_file_ref idref="fl-14a"/>
      </object_component>
      <object_component id="oc-21e">
         <name>.debug_info</name>
         <load_address>0x144a9</load_address>
         <run_address>0x144a9</run_address>
         <size>0x193</size>
         <input_file_ref idref="fl-14a"/>
      </object_component>
      <object_component id="oc-1ee">
         <name>.debug_info</name>
         <load_address>0x1463c</load_address>
         <run_address>0x1463c</run_address>
         <size>0x116</size>
         <input_file_ref idref="fl-14b"/>
      </object_component>
      <object_component id="oc-203">
         <name>.debug_info</name>
         <load_address>0x14752</load_address>
         <run_address>0x14752</run_address>
         <size>0xf2</size>
         <input_file_ref idref="fl-14c"/>
      </object_component>
      <object_component id="oc-23d">
         <name>.debug_info</name>
         <load_address>0x14844</load_address>
         <run_address>0x14844</run_address>
         <size>0xed</size>
         <input_file_ref idref="fl-14d"/>
      </object_component>
      <object_component id="oc-12c">
         <name>.debug_info</name>
         <load_address>0x14931</load_address>
         <run_address>0x14931</run_address>
         <size>0xdc</size>
         <input_file_ref idref="fl-14d"/>
      </object_component>
      <object_component id="oc-239">
         <name>.debug_info</name>
         <load_address>0x14a0d</load_address>
         <run_address>0x14a0d</run_address>
         <size>0x1e8</size>
         <input_file_ref idref="fl-14d"/>
      </object_component>
      <object_component id="oc-2b9">
         <name>.debug_info</name>
         <load_address>0x14bf5</load_address>
         <run_address>0x14bf5</run_address>
         <size>0x320</size>
         <input_file_ref idref="fl-14e"/>
      </object_component>
      <object_component id="oc-1d3">
         <name>.debug_info</name>
         <load_address>0x14f15</load_address>
         <run_address>0x14f15</run_address>
         <size>0x17e5</size>
         <input_file_ref idref="fl-14e"/>
      </object_component>
      <object_component id="oc-2ba">
         <name>.debug_info</name>
         <load_address>0x166fa</load_address>
         <run_address>0x166fa</run_address>
         <size>0x86</size>
         <input_file_ref idref="fl-14e"/>
      </object_component>
      <object_component id="oc-370">
         <name>.debug_info</name>
         <load_address>0x16780</load_address>
         <run_address>0x16780</run_address>
         <size>0x46</size>
         <input_file_ref idref="fl-14e"/>
      </object_component>
      <object_component id="oc-2c4">
         <name>.debug_info</name>
         <load_address>0x167c6</load_address>
         <run_address>0x167c6</run_address>
         <size>0x39</size>
         <input_file_ref idref="fl-14e"/>
      </object_component>
      <object_component id="oc-36d">
         <name>.debug_info</name>
         <load_address>0x167ff</load_address>
         <run_address>0x167ff</run_address>
         <size>0xdd</size>
         <input_file_ref idref="fl-14f"/>
      </object_component>
      <object_component id="oc-2b5">
         <name>.debug_info</name>
         <load_address>0x168dc</load_address>
         <run_address>0x168dc</run_address>
         <size>0x13a</size>
         <input_file_ref idref="fl-14f"/>
      </object_component>
      <object_component id="oc-3d0">
         <name>.debug_info</name>
         <load_address>0x16a16</load_address>
         <run_address>0x16a16</run_address>
         <size>0xb7</size>
         <input_file_ref idref="fl-150"/>
      </object_component>
      <object_component id="oc-36a">
         <name>.debug_info</name>
         <load_address>0x16acd</load_address>
         <run_address>0x16acd</run_address>
         <size>0xc3</size>
         <input_file_ref idref="fl-150"/>
      </object_component>
      <object_component id="oc-2cb">
         <name>.debug_info</name>
         <load_address>0x16b90</load_address>
         <run_address>0x16b90</run_address>
         <size>0xd9</size>
         <input_file_ref idref="fl-151"/>
      </object_component>
      <object_component id="oc-1d8">
         <name>.debug_info</name>
         <load_address>0x16c69</load_address>
         <run_address>0x16c69</run_address>
         <size>0xc0</size>
         <input_file_ref idref="fl-151"/>
      </object_component>
      <object_component id="oc-415">
         <name>.debug_info</name>
         <load_address>0x16d29</load_address>
         <run_address>0x16d29</run_address>
         <size>0xca</size>
         <input_file_ref idref="fl-151"/>
      </object_component>
      <object_component id="oc-320">
         <name>.debug_info</name>
         <load_address>0x16df3</load_address>
         <run_address>0x16df3</run_address>
         <size>0x14d</size>
         <input_file_ref idref="fl-151"/>
      </object_component>
      <object_component id="oc-290">
         <name>.debug_info</name>
         <load_address>0x16f40</load_address>
         <run_address>0x16f40</run_address>
         <size>0x128</size>
         <input_file_ref idref="fl-152"/>
      </object_component>
      <object_component id="oc-277">
         <name>.debug_info</name>
         <load_address>0x17068</load_address>
         <run_address>0x17068</run_address>
         <size>0xef</size>
         <input_file_ref idref="fl-153"/>
      </object_component>
      <object_component id="oc-27d">
         <name>.debug_info</name>
         <load_address>0x17157</load_address>
         <run_address>0x17157</run_address>
         <size>0xf1</size>
         <input_file_ref idref="fl-153"/>
      </object_component>
      <object_component id="oc-280">
         <name>.debug_info</name>
         <load_address>0x17248</load_address>
         <run_address>0x17248</run_address>
         <size>0xfb</size>
         <input_file_ref idref="fl-154"/>
      </object_component>
      <object_component id="oc-267">
         <name>.debug_info</name>
         <load_address>0x17343</load_address>
         <run_address>0x17343</run_address>
         <size>0x1a7</size>
         <input_file_ref idref="fl-155"/>
      </object_component>
      <object_component id="oc-1c9">
         <name>.debug_info</name>
         <load_address>0x174ea</load_address>
         <run_address>0x174ea</run_address>
         <size>0x20f</size>
         <input_file_ref idref="fl-155"/>
      </object_component>
      <object_component id="oc-26f">
         <name>.debug_info</name>
         <load_address>0x176f9</load_address>
         <run_address>0x176f9</run_address>
         <size>0x26b</size>
         <input_file_ref idref="fl-156"/>
      </object_component>
      <object_component id="oc-1cc">
[...]
      </symbol>
      <symbol id="sm-765">
         <name>copy_in</name>
         <value>0xca4c</value>
         <object_component_ref idref="oc-eb"/>
      </symbol>
      <symbol id="sm-785">
         <name>C$$EXIT</name>
         <value>0xcb50</value>
         <object_component_ref idref="oc-8f"/>
      </symbol>
      <symbol id="sm-786">
         <name>abort</name>
         <value>0xcb58</value>
         <object_component_ref idref="oc-8f"/>
      </symbol>
      <symbol id="sm-787">
         <name>exit</name>
         <value>0xcb64</value>
         <object_component_ref idref="oc-8f"/>
      </symbol>
      <symbol id="sm-788">
         <name>__TI_dtors_ptr</name>
         <value>0x8002a28</value>
         <object_component_ref idref="oc-12e"/>
      </symbol>
      <symbol id="sm-789">
         <name>__TI_cleanup_ptr</name>
         <value>0x8002a24</value>
         <object_component_ref idref="oc-12e"/>
      </symbol>
      <symbol id="sm-7a9">
         <name>__aeabi_ddiv</name>
         <value>0xb0c4</value>
         <object_component_ref idref="oc-1f7"/>
      </symbol>
      <symbol id="sm-7c0">
         <name>__aeabi_dmul</name>
         <value>0xba3c</value>
         <object_component_ref idref="oc-1f2"/>
      </symbol>
      <symbol id="sm-7cd">
         <name>__aeabi_d2uiz</name>
         <value>0xccf0</value>
         <object_component_ref idref="oc-1fc"/>
      </symbol>
      <symbol id="sm-7e6">
         <name>memcpy</name>
         <value>0xb254</value>
         <object_component_ref idref="oc-47"/>
      </symbol>
      <symbol id="sm-7e7">
         <name>__aeabi_memcpy</name>
         <value>0xb254</value>
         <object_component_ref idref="oc-47"/>
      </symbol>
      <symbol id="sm-7e8">
         <name>__aeabi_memcpy8</name>
         <value>0xb254</value>
         <object_component_ref idref="oc-47"/>
      </symbol>
      <symbol id="sm-7e9">
         <name>__aeabi_memcpy4</name>
         <value>0xb254</value>
         <object_component_ref idref="oc-47"/>
      </symbol>
      <symbol id="sm-7f8">
         <name>__aeabi_memset</name>
         <value>0xc544</value>
         <object_component_ref idref="oc-60"/>
      </symbol>
      <symbol id="sm-7f9">
         <name>memset</name>
         <value>0xc550</value>
         <object_component_ref idref="oc-60"/>
      </symbol>
      <symbol id="sm-7fa">
         <name>__aeabi_memset8</name>
         <value>0xc544</value>
         <object_component_ref idref="oc-60"/>
      </symbol>
      <symbol id="sm-7fb">
         <name>__aeabi_memset4</name>
         <value>0xc544</value>
         <object_component_ref idref="oc-60"/>
      </symbol>
      <symbol id="sm-7fc">
         <name>__aeabi_memclr8</name>
         <value>0xc540</value>
         <object_component_ref idref="oc-60"/>
      </symbol>
      <symbol id="sm-7fd">
         <name>__aeabi_memclr4</name>
         <value>0xc540</value>
         <object_component_ref idref="oc-60"/>
      </symbol>
      <symbol id="sm-7fe">
         <name>__aeabi_memclr</name>
         <value>0xc540</value>
         <object_component_ref idref="oc-60"/>
      </symbol>
      <symbol id="sm-81c">
         <name>printf</name>
         <value>0xc7ec</value>
         <object_component_ref idref="oc-f3"/>
      </symbol>
      <symbol id="sm-835">
         <name>sprintf</name>
         <value>0xc698</value>
         <object_component_ref idref="oc-111"/>
      </symbol>
      <symbol id="sm-843">
         <name>strcpy</name>
         <value>0xd0e0</value>
         <object_component_ref idref="oc-123"/>
      </symbol>
      <symbol id="sm-851">
         <name>strlen</name>
         <value>0xd0c0</value>
         <object_component_ref idref="oc-21d"/>
      </symbol>
      <symbol id="sm-85f">
         <name>__aeabi_uidivmod</name>
         <value>0xcdf4</value>
         <object_component_ref idref="oc-1ed"/>
      </symbol>
      <symbol id="sm-860">
         <name>__aeabi_uidiv</name>
         <value>0xcdf4</value>
         <object_component_ref idref="oc-1ed"/>
      </symbol>
      <symbol id="sm-86c">
         <name>__aeabi_ui2d</name>
         <value>0xcf90</value>
         <object_component_ref idref="oc-201"/>
      </symbol>
      <symbol id="sm-886">
         <name>_nop</name>
         <value>0xd0b4</value>
         <object_component_ref idref="oc-235"/>
      </symbol>
      <symbol id="sm-887">
         <name>_lock</name>
         <value>0x8002a1c</value>
         <object_component_ref idref="oc-12b"/>
      </symbol>
      <symbol id="sm-888">
         <name>_unlock</name>
         <value>0x8002a20</value>
         <object_component_ref idref="oc-12b"/>
      </symbol>
      <symbol id="sm-889">
         <name>_register_lock</name>
         <value>0xd0a8</value>
         <object_component_ref idref="oc-235"/>
      </symbol>
      <symbol id="sm-88a">
         <name>_register_unlock</name>
         <value>0xd09c</value>
         <object_component_ref idref="oc-235"/>
      </symbol>
      <symbol id="sm-97b">
         <name>__TI_printfi</name>
         <value>0x3a90</value>
         <object_component_ref idref="oc-1d1"/>
      </symbol>
      <symbol id="sm-98e">
         <name>atoi</name>
         <value>0xc9c8</value>
         <object_component_ref idref="oc-2b2"/>
      </symbol>
      <symbol id="sm-999">
         <name>_ctypes_</name>
         <value>0xd64c</value>
         <object_component_ref idref="oc-369"/>
      </symbol>
      <symbol id="sm-9b2">
         <name>__aeabi_stdout</name>
         <value>0x8002a08</value>
         <object_component_ref idref="oc-31f"/>
      </symbol>
      <symbol id="sm-9b3">
         <name>__TI_tmpnams</name>
         <value>0x8001e20</value>
         <object_component_ref idref="oc-414"/>
      </symbol>
      <symbol id="sm-9b4">
         <name>__aeabi_stderr</name>
         <value>0x8002a0c</value>
         <object_component_ref idref="oc-31f"/>
      </symbol>
      <symbol id="sm-9b5">
         <name>__aeabi_stdin</name>
         <value>0x8002a04</value>
         <object_component_ref idref="oc-31f"/>
      </symbol>
      <symbol id="sm-9b6">
         <name>_ftable</name>
         <value>0x8002710</value>
         <object_component_ref idref="oc-1d7"/>
      </symbol>
      <symbol id="sm-9b7">
         <name>__TI_ft_end</name>
         <value>0x8002a00</value>
         <object_component_ref idref="oc-31f"/>
      </symbol>
      <symbol id="sm-9db">
         <name>__aeabi_dsub</name>
         <value>0xa934</value>
         <object_component_ref idref="oc-28f"/>
      </symbol>
      <symbol id="sm-9dc">
         <name>__aeabi_dadd</name>
         <value>0xa940</value>
         <object_component_ref idref="oc-28f"/>
      </symbol>
      <symbol id="sm-a03">
         <name>__aeabi_cdcmpeq</name>
         <value>0xc058</value>
         <object_component_ref idref="oc-275"/>
      </symbol>
      <symbol id="sm-a04">
         <name>__aeabi_cdcmple</name>
         <value>0xc058</value>
         <object_component_ref idref="oc-275"/>
      </symbol>
      <symbol id="sm-a05">
         <name>__aeabi_cdrcmple</name>
         <value>0xc138</value>
         <object_component_ref idref="oc-27a"/>
      </symbol>
      <symbol id="sm-a13">
         <name>__aeabi_d2iz</name>
         <value>0xcc94</value>
         <object_component_ref idref="oc-27f"/>
      </symbol>
      <symbol id="sm-a2b">
         <name>putc</name>
         <value>0xbc7c</value>
         <object_component_ref idref="oc-1c5"/>
      </symbol>
      <symbol id="sm-a2c">
         <name>fputc</name>
         <value>0xbc7c</value>
         <object_component_ref idref="oc-1c5"/>
      </symbol>
      <symbol id="sm-a2d">
         <name>putchar</name>
         <value>0xbd74</value>
         <object_component_ref idref="oc-1c5"/>
      </symbol>
      <symbol id="sm-a4d">
         <name>puts</name>
         <value>0xaeec</value>
         <object_component_ref idref="oc-1cb"/>
      </symbol>
      <symbol id="sm-a4e">
         <name>fputs</name>
         <value>0xad50</value>
         <object_component_ref idref="oc-1cb"/>
      </symbol>
      <symbol id="sm-a5b">
         <name>frexp</name>
         <value>0xcfc4</value>
         <object_component_ref idref="oc-294"/>
      </symbol>
      <symbol id="sm-a65">
         <name>__aeabi_idiv0</name>
         <value>0xd128</value>
         <object_component_ref idref="oc-2e3"/>
      </symbol>
      <symbol id="sm-a71">
         <name>__aeabi_i2d</name>
         <value>0xcf1c</value>
         <object_component_ref idref="oc-28a"/>
      </symbol>
      <symbol id="sm-a80">
         <name>ldexp</name>
         <value>0xcbc8</value>
         <object_component_ref idref="oc-29a"/>
      </symbol>
      <symbol id="sm-ad0">
         <name>open</name>
         <value>0x9320</value>
         <object_component_ref idref="oc-260"/>
      </symbol>
      <symbol id="sm-ad1">
         <name>add_device</name>
         <value>0x950c</value>
         <object_component_ref idref="oc-260"/>
      </symbol>
      <symbol id="sm-ad2">
         <name>remove_device</name>
         <value>0x9290</value>
         <object_component_ref idref="oc-260"/>
      </symbol>
      <symbol id="sm-ad3">
         <name>lseek</name>
         <value>0x9438</value>
         <object_component_ref idref="oc-260"/>
      </symbol>
      <symbol id="sm-ad4">
         <name>read</name>
         <value>0x92dc</value>
         <object_component_ref idref="oc-260"/>
      </symbol>
      <symbol id="sm-ad5">
         <name>rename</name>
         <value>0x9224</value>
         <object_component_ref idref="oc-260"/>
      </symbol>
      <symbol id="sm-ad6">
         <name>write</name>
         <value>0x90ec</value>
         <object_component_ref idref="oc-260"/>
      </symbol>
      <symbol id="sm-ad7">
         <name>close</name>
         <value>0x947c</value>
         <object_component_ref idref="oc-260"/>
      </symbol>
      <symbol id="sm-ad8">
         <name>unlink</name>
         <value>0x91e4</value>
         <object_component_ref idref="oc-260"/>
      </symbol>
      <symbol id="sm-ae6">
         <name>ltoa</name>
         <value>0xcad0</value>
         <object_component_ref idref="oc-284"/>
      </symbol>
      <symbol id="sm-af5">
         <name>memccpy</name>
         <value>0xcff4</value>
         <object_component_ref idref="oc-2ac"/>
      </symbol>
      <symbol id="sm-b04">
         <name>memchr</name>
         <value>0xd020</value>
         <object_component_ref idref="oc-268"/>
      </symbol>
      <symbol id="sm-b12">
         <name>strchr</name>
         <value>0xd04c</value>
         <object_component_ref idref="oc-2a0"/>
      </symbol>
      <symbol id="sm-b20">
         <name>strcmp</name>
         <value>0xd074</value>
         <object_component_ref idref="oc-324"/>
      </symbol>
      <symbol id="sm-b2f">
         <name>strncpy</name>
         <value>0xce90</value>
         <object_component_ref idref="oc-32a"/>
      </symbol>
      <symbol id="sm-b50">
         <name>HOSTgetenv</name>
         <value>0x99c4</value>
         <object_component_ref idref="oc-39b"/>
      </symbol>
      <symbol id="sm-b51">
         <name>HOSTrename</name>
         <value>0x977c</value>
         <object_component_ref idref="oc-39b"/>
      </symbol>
      <symbol id="sm-b52">
         <name>HOSTclose</name>
         <value>0x9a2c</value>
         <object_component_ref idref="oc-39b"/>
      </symbol>
      <symbol id="sm-b53">
         <name>HOSTunlink</name>
         <value>0x96b8</value>
         <object_component_ref idref="oc-39b"/>
      </symbol>
      <symbol id="sm-b54">
         <name>HOSTlseek</name>
         <value>0x9924</value>
         <object_component_ref idref="oc-39b"/>
      </symbol>
      <symbol id="sm-b55">
         <name>HOSTopen</name>
         <value>0x9898</value>
         <object_component_ref idref="oc-39b"/>
      </symbol>
      <symbol id="sm-b56">
         <name>HOSTclock</name>
         <value>0x9a94</value>
         <object_component_ref idref="oc-39b"/>
      </symbol>
      <symbol id="sm-b57">
         <name>HOSTwrite</name>
         <value>0x9634</value>
         <object_component_ref idref="oc-39b"/>
      </symbol>
      <symbol id="sm-b58">
         <name>HOSTread</name>
         <value>0x9814</value>
         <object_component_ref idref="oc-39b"/>
      </symbol>
      <symbol id="sm-b59">
         <name>HOSTtime</name>
         <value>0x971c</value>
         <object_component_ref idref="oc-39b"/>
      </symbol>
      <symbol id="sm-b73">
         <name>__TI_readmsg</name>
         <value>0xc8d8</value>
         <object_component_ref idref="oc-3e8"/>
      </symbol>
      <symbol id="sm-b74">
         <name>C$$IO$$</name>
         <value>0xc8d0</value>
         <object_component_ref idref="oc-3e8"/>
      </symbol>
      <symbol id="sm-b75">
         <name>__CIOBUF_</name>
         <value>0x8001d00</value>
         <object_component_ref idref="oc-41b"/>
      </symbol>
      <symbol id="sm-b76">
         <name>__TI_writemsg</name>
         <value>0xc888</value>
         <object_component_ref idref="oc-3e8"/>
      </symbol>
      <symbol id="sm-ba0">
         <name>__aeabi_uldivmod</name>
         <value>0xa410</value>
         <object_component_ref idref="oc-270"/>
      </symbol>
      <symbol id="sm-bab">
         <name>_Dclass</name>
         <value>0xcf58</value>
         <object_component_ref idref="oc-2a6"/>
      </symbol>
      <symbol id="sm-bc9">
         <name>_Dscale</name>
         <value>0xaf24</value>
         <object_component_ref idref="oc-356"/>
      </symbol>
      <symbol id="sm-bdc">
         <name>_Dunscale</name>
         <value>0xc48c</value>
         <object_component_ref idref="oc-34e"/>
      </symbol>
      <symbol id="sm-be9">
         <name>_Feraise</name>
         <value>0xced8</value>
         <object_component_ref idref="oc-35c"/>
      </symbol>
      <symbol id="sm-bf9">
         <name>_Rteps</name>
         <value>0x80029e0</value>
         <object_component_ref idref="oc-3b9"/>
      </symbol>
      <symbol id="sm-bfa">
         <name>_Zero</name>
         <value>0x80029f8</value>
         <object_component_ref idref="oc-3b9"/>
      </symbol>
      <symbol id="sm-bfb">
         <name>_Hugeval</name>
         <value>0x80029a0</value>
         <object_component_ref idref="oc-3b9"/>
      </symbol>
      <symbol id="sm-bfc">
         <name>_Snan</name>
         <value>0x80029d0</value>
         <object_component_ref idref="oc-3b9"/>
      </symbol>
      <symbol id="sm-bfd">
         <name>_Nan</name>
         <value>0x80029c0</value>
         <object_component_ref idref="oc-3b9"/>
      </symbol>
      <symbol id="sm-bfe">
         <name>_Inf</name>
         <value>0x80029b0</value>
         <object_component_ref idref="oc-3b9"/>
      </symbol>
      <symbol id="sm-bff">
         <name>_Xbig</name>
         <value>0x80029f0</value>
         <object_component_ref idref="oc-3b9"/>
      </symbol>
      <symbol id="sm-c00">
         <name>_Eps</name>
         <value>0x8002990</value>
         <object_component_ref idref="oc-3b9"/>
      </symbol>
      <symbol id="sm-c01">
         <name>_Denorm</name>
         <value>0x8002980</value>
         <object_component_ref idref="oc-3b9"/>
      </symbol>
      <symbol id="sm-c1d">
         <name>__TI_wrt_ok</name>
         <value>0xbb64</value>
         <object_component_ref idref="oc-254"/>
      </symbol>
      <symbol id="sm-c1e">
         <name>__TI_rd_ok</name>
         <value>0xbc04</value>
         <object_component_ref idref="oc-254"/>
      </symbol>
      <symbol id="sm-c26">
         <name>_Errno</name>
         <value>0x8002a3c</value>
         <object_component_ref idref="oc-3c4"/>
      </symbol>
      <symbol id="sm-c45">
         <name>feraiseexcept</name>
         <value>0xcd48</value>
         <object_component_ref idref="oc-3be"/>
      </symbol>
      <symbol id="sm-c46">
         <name>_Tls_setup__Fenv</name>
         <value>0x8002a30</value>
         <object_component_ref idref="oc-40a"/>
      </symbol>
      <symbol id="sm-c47">
         <name>_Fenv</name>
         <value>0x8002a2c</value>
         <object_component_ref idref="oc-40a"/>
      </symbol>
      <symbol id="sm-c61">
         <name>__TI_doflush</name>
         <value>0xb7e0</value>
         <object_component_ref idref="oc-25a"/>
      </symbol>
      <symbol id="sm-c62">
         <name>fflush</name>
         <value>0xb864</value>
         <object_component_ref idref="oc-25a"/>
      </symbol>
      <symbol id="sm-c74">
         <name>fseek</name>
         <value>0xc5f0</value>
         <object_component_ref idref="oc-311"/>
      </symbol>
      <symbol id="sm-c83">
         <name>__aeabi_idivmod</name>
         <value>0xcda0</value>
         <object_component_ref idref="oc-345"/>
      </symbol>
      <symbol id="sm-c84">
         <name>__aeabi_idiv</name>
         <value>0xcda0</value>
         <object_component_ref idref="oc-345"/>
      </symbol>
      <symbol id="sm-c97">
         <name>raise</name>
         <value>0xce44</value>
         <object_component_ref idref="oc-404"/>
      </symbol>
      <symbol id="sm-cb1">
         <name>setvbuf</name>
         <value>0xb534</value>
         <object_component_ref idref="oc-317"/>
      </symbol>
      <symbol id="sm-ccb">
         <name>signal</name>
         <value>0xcc30</value>
         <object_component_ref idref="oc-424"/>
      </symbol>
      <symbol id="sm-ce0">
         <name>_Dnorm</name>
         <value>0xb3d4</value>
         <object_component_ref idref="oc-3af"/>
      </symbol>
      <symbol id="sm-d13">
         <name>__TI_cleanup</name>
         <value>0x9fac</value>
         <object_component_ref idref="oc-384"/>
      </symbol>
      <symbol id="sm-d14">
         <name>freopen</name>
         <value>0x9ff8</value>
         <object_component_ref idref="oc-384"/>
      </symbol>
      <symbol id="sm-d15">
         <name>fopen</name>
         <value>0xa044</value>
         <object_component_ref idref="oc-384"/>
      </symbol>
      <symbol id="sm-d79">
         <name>_sys_memory</name>
         <value>0x8001f10</value>
         <object_component_ref idref="oc-44"/>
      </symbol>
      <symbol id="sm-d7a">
         <name>free</name>
         <value>0x8680</value>
         <object_component_ref idref="oc-37e"/>
      </symbol>
      <symbol id="sm-d7b">
         <name>realloc</name>
         <value>0x87d8</value>
         <object_component_ref idref="oc-37e"/>
      </symbol>
      <symbol id="sm-d7c">
         <name>memalign</name>
         <value>0x896c</value>
         <object_component_ref idref="oc-37e"/>
      </symbol>
      <symbol id="sm-d7d">
         <name>calloc</name>
         <value>0x8aac</value>
         <object_component_ref idref="oc-37e"/>
      </symbol>
      <symbol id="sm-d7e">
         <name>malloc</name>
         <value>0x85c4</value>
         <object_component_ref idref="oc-37e"/>
      </symbol>
      <symbol id="sm-d7f">
         <name>minit</name>
         <value>0x84c8</value>
         <object_component_ref idref="oc-37e"/>
      </symbol>
      <symbol id="sm-d95">
         <name>__TI_closefile</name>
         <value>0xbd88</value>
         <object_component_ref idref="oc-3d9"/>
      </symbol>
      <symbol id="sm-d96">
         <name>fclose</name>
         <value>0xbe34</value>
         <object_component_ref idref="oc-3d9"/>
      </symbol>
      <symbol id="sm-d98">
         <name>__TI_static_base__</name>
         <value>0x0</value>
      </symbol>
      <symbol id="sm-d9b">
         <name>SHT$$INIT_ARRAY$$Base</name>
         <value>0x0</value>
      </symbol>
      <symbol id="sm-d9c">
         <name>SHT$$INIT_ARRAY$$Limit</name>
         <value>0x0</value>
      </symbol>
      <symbol id="sm-d9d">
         <name>remove</name>
         <value>0x91e4</value>
      </symbol>
   </symbol_table>
   <title>Link successful</title>
</link_info>
