******************************************************************************
                  TI ARM Linker PC v5.2.5                      
******************************************************************************
>> Linked Wed Dec 14 15:41:10 2016

OUTPUT FILE NAME:   <testeSd_card.out>
ENTRY POINT SYMBOL: "_c_int00"  address: 0000ab48


MEMORY CONFIGURATION

         name            origin    length      used     unused   attr    fill
----------------------  --------  ---------  --------  --------  ----  --------
  VECTORS               00000000   00000020  00000020  00000000     X
  FLASH0                00000020   0005ffe0  0000d832  000527ae  R  X
  STACKS                08000000   00001500  00000000  00001500  RW  
  RAM                   08001500   00006b00  00001544  000055bc  RW  


SEGMENT ALLOCATION MAP

run origin  load origin   length   init length attrs members
----------  ----------- ---------- ----------- ----- -------
00000000    00000000    0000d858   0000d858    r-x
  00000000    00000000    00000020   00000020    r-x .intvecs
  00000020    00000020    0000d10c   0000d10c    r-x .text
  0000d12c    0000d12c    0000064e   0000064e    r-- .const
  0000d780    0000d780    000000d8   000000d8    r-- .cinit
08001500    08001500    00001544   00000000    rw-
  08001500    08001500    00000a10   00000000    rw- .bss
  08001f10    08001f10    00000800   00000000    rw- .sysmem
  08002710    08002710    00000334   00000000    rw- .data


SECTION ALLOCATION MAP

 output                                  attributes/
section   page    origin      length       input sections
--------  ----  ----------  ----------   ----------------
.intvecs   0    00000000    00000020     
                  00000000    00000020     sys_intvecs.obj (.intvecs)

.text      0    00000020    0000d10c     
                  00000020    000024f0     sys_selftest.obj (.text)
                  00002510    00001a7c     rtsv7R4_A_be_eabi.lib : _printfi.obj (.text)
                  00003f8c    000010b4     usdcard.obj (.text)
                  00005040    00000da4     usdcard_tests.obj (.text)
                  00005de4    00000adc     spi.obj (.text)
                  000068c0    00000a64     system.obj (.text)
                  00007324    0000090c     het.obj (.text)
                  00007c30    00000898     sys_vim.obj (.text)
                  000084c8    0000063c     rtsv7R4_A_be_eabi.lib : memory.obj (.text)
                  00008b04    000005e8     esm.obj (.text)
                  000090ec    00000548     rtsv7R4_A_be_eabi.lib : lowlev.obj (.text)
                  00009634    000004cc                           : trgdrv.obj (.text)
                  00009b00    0000036c     gio.obj (.text)
                  00009e6c    000002d4     rtsv7R4_A_be_eabi.lib : fopen.obj (.text)
                  0000a140    000002d0     sys_core.obj (.text)
                  0000a410    000002b8     rtsv7R4_A_be_eabi.lib : ull_div32.obj (.text)
                  0000a6c8    0000026c     sys_vim.obj (.text:retain)
                  0000a934    00000214     rtsv7R4_A_be_eabi.lib : fd_add32.obj (.text)
                  0000ab48    00000208     sys_startup.obj (.text:retain)
                  0000ad50    000001d4     rtsv7R4_A_be_eabi.lib : fputs.obj (.text)
                  0000af24    000001a0                           : xdscale.obj (.text)
                  0000b0c4    00000190                           : fd_div32.obj (.text)
                  0000b254    00000180                           : memcpy32.obj (.text)
                  0000b3d4    00000160                           : xdnorm.obj (.text)
                  0000b534    00000158                           : setvbuf.obj (.text)
                  0000b68c    00000154     pinmux.obj (.text)
                  0000b7e0    00000130     rtsv7R4_A_be_eabi.lib : fflush.obj (.text)
                  0000b910    0000012c     sys_main.obj (.text)
                  0000ba3c    00000128     rtsv7R4_A_be_eabi.lib : fd_mul32.obj (.text)
                  0000bb64    00000118                           : _io_perm.obj (.text)
                  0000bc7c    0000010c                           : fputc.obj (.text)
                  0000bd88    000000fc                           : fclose.obj (.text)
                  0000be84    000000ec     esm.obj (.text:retain)
                  0000bf70    000000e8     dabort.obj (.text)
                  0000c058    000000e0     rtsv7R4_A_be_eabi.lib : fd_cmp32.obj (.text:__aeabi_cdcmple)
                  0000c138    000000e0                           : fd_cmp32.obj (.text:__aeabi_cdrcmple)
                  0000c218    000000e0     sys_pmu.obj (.text)
                  0000c2f8    000000d0     notification.obj (.text)
                  0000c3c8    000000c4     logutils.obj (.text)
                  0000c48c    000000b4     rtsv7R4_A_be_eabi.lib : xdunscal.obj (.text)
                  0000c540    000000b0                           : memset32.obj (.text)
                  0000c5f0    000000a8                           : fseek.obj (.text)
                  0000c698    000000a8                           : sprintf.obj (.text)
                  0000c740    000000a4                           : autoinit.obj (.text)
                  0000c7e4    000000a4                           : printf.obj (.text)
                  0000c888    000000a4                           : trgmsg.obj (.text)
                  0000c92c    0000009c                           : copy_decompress_rle.obj (.text)
                  0000c9c8    00000084                           : atoi.obj (.text)
                  0000ca4c    00000084                           : cpy_tbl.obj (.text)
                  0000cad0    00000080                           : ltoa.obj (.text)
                  0000cb50    00000078                           : exit.obj (.text)
                  0000cbc8    00000068                           : ldexp.obj (.text)
                  0000cc30    00000064                           : signal.obj (.text)
                  0000cc94    0000005c                           : fd_toi32.obj (.text)
                  0000ccf0    00000058                           : fd_tou32.obj (.text)
                  0000cd48    00000058                           : feraiseexcept.obj (.text)
                  0000cda0    00000054                           : i_div32.obj (.text)
                  0000cdf4    00000050                           : u_div32.obj (.text)
                  0000ce44    0000004c                           : raise.obj (.text)
                  0000ce90    00000048                           : strncpy.obj (.text)
                  0000ced8    00000044                           : xferaise.obj (.text)
                  0000cf1c    0000003c                           : i_tofd32.obj (.text)
                  0000cf58    00000038                           : xdclass.obj (.text)
                  0000cf90    00000034                           : u_tofd32.obj (.text)
                  0000cfc4    00000030                           : frexp.obj (.text)
                  0000cff4    0000002c                           : memccpy.obj (.text)
                  0000d020    0000002c                           : memchr.obj (.text)
                  0000d04c    00000028                           : strchr.obj (.text)
                  0000d074    00000028                           : strcmp.obj (.text)
                  0000d09c    00000024                           : _lock.obj (.text)
                  0000d0c0    00000020                           : strlen.obj (.text)
                  0000d0e0    00000018                           : strcpy.obj (.text)
                  0000d0f8    00000014                           : copy_decompress_none.obj (.text:decompress:none)
                  0000d10c    00000010                           : copy_zero_init.obj (.text:decompress:ZI)
                  0000d11c    00000008                           : copy_decompress_rle.obj (.text:decompress:rle24)
                  0000d124    00000004     sys_phantom.obj (.text:retain)
                  0000d128    00000004     rtsv7R4_A_be_eabi.lib : i_div0.obj (.text)

.const     0    0000d12c    0000064e     
                  0000d12c    000003a0     het.obj (.const:het1PROGRAM)
                  0000d4cc    00000180     sys_vim.obj (.const:s_vim_init)
                  0000d64c    00000101     rtsv7R4_A_be_eabi.lib : ctype.obj (.const:.string:_ctypes_)
                  0000d74d    00000003     --HOLE-- [fill = 0]
                  0000d750    00000020     het.obj (.const)
                  0000d770    0000000a     usdcard.obj (.const)

.cinit     0    0000d780    000000d8     
                  0000d780    000000b3     (.cinit..data.load) [load image, compression = rle]
                  0000d833    00000001     --HOLE-- [fill = 0]
                  0000d834    0000000c     (__TI_handler_table)
                  0000d840    00000008     (.cinit..bss.load) [load image, compression = zero_init]
                  0000d848    00000010     (__TI_cinit_table)

.bss       0    08001500    00000a10     UNINITIALIZED
                  08001500    00000400     usdcard_tests.obj (.bss:abuffer)
                  08001900    00000400     usdcard_tests.obj (.bss:buffer)
                  08001d00    00000120     rtsv7R4_A_be_eabi.lib : trgmsg.obj (.bss:__CIOBUF_)
                  08001e20    000000a0                           : defs.obj (.bss:__TI_tmpnams)
                  08001ec0    00000048     spi.obj (.bss:g_spiPacket_t)
                  08001f08    00000008     (.common:parmbuf)

.TI.noinit 
*          0    08001500    00000000     UNINITIALIZED

.sysmem    0    08001f10    00000800     UNINITIALIZED
                  08001f10    00000008     rtsv7R4_A_be_eabi.lib : memory.obj (.sysmem)
                  08001f18    000007f8     --HOLE--

.data      0    08002710    00000334     UNINITIALIZED
                  08002710    000000f0     rtsv7R4_A_be_eabi.lib : defs.obj (.data:_ftable)
                  08002800    000000d0                           : lowlev.obj (.data)
                  080028d0    000000b0                           : signal.obj (.data:sigtable)
                  08002980    00000080                           : xvalues.obj (.data)
                  08002a00    00000010                           : defs.obj (.data)
                  08002a10    0000000c                           : memory.obj (.data)
                  08002a1c    00000008                           : _lock.obj (.data)
                  08002a24    00000008                           : exit.obj (.data)
                  08002a2c    00000008                           : feraiseexcept.obj (.data)
                  08002a34    00000005     usdcard.obj (.data)
                  08002a39    00000003     --HOLE--
                  08002a3c    00000004     rtsv7R4_A_be_eabi.lib : errno.obj (.data)
                  08002a40    00000004                           : fopen.obj (.data)

.TI.persistent 
*          0    08002710    00000000     UNINITIALIZED


LINKER GENERATED COPY TABLES

__TI_cinit_table @ 0000d848 records: 2, size/record: 8, table size: 16
	.data: load addr=0000d780, load size=000000b3 bytes, run addr=08002710, run size=00000334 bytes, compression=rle
	.bss: load addr=0000d840, load size=00000008 bytes, run addr=08001500, run size=00000a10 bytes, compression=zero_init


LINKER GENERATED HANDLER TABLE

__TI_handler_table @ 0000d834 records: 3, size/record: 4, table size: 12
	index: 0, handler: __TI_zero_init
	index: 1, handler: __TI_decompress_rle24
	index: 2, handler: __TI_decompress_none


GLOBAL SYMBOLS: SORTED ALPHABETICALLY BY Name 

address   name                                        
-------   ----                                        
0000cb50  C$$EXIT                                     
0000c8d0  C$$IO$$                                     
00009a94  HOSTclock                                   
00009a2c  HOSTclose                                   
000099c4  HOSTgetenv                                  
00009924  HOSTlseek                                   
00009898  HOSTopen                                    
00009814  HOSTread                                    
0000977c  HOSTrename                                  
0000971c  HOSTtime                                    
000096b8  HOSTunlink                                  
00009634  HOSTwrite                                   
UNDEFED   SHT$$INIT_ARRAY$$Base                       
UNDEFED   SHT$$INIT_ARRAY$$Limit                      
000065b4  SpiRxStatus                                 
00006558  SpiTxStatus                                 
0000cf58  _Dclass                                     
08002980  _Denorm                                     
0000b3d4  _Dnorm                                      
0000af24  _Dscale                                     
0000c48c  _Dunscale                                   
08002990  _Eps                                        
08002a3c  _Errno                                      
08002a2c  _Fenv                                       
0000ced8  _Feraise                                    
080029a0  _Hugeval                                    
080029b0  _Inf                                        
080029c0  _Nan                                        
080029e0  _Rteps                                      
080029d0  _Snan                                       
08002a30  _Tls_setup__Fenv                            
080029f0  _Xbig                                       
080029f8  _Zero                                       
08001d00  __CIOBUF_                                   
00000800  __SYSMEM_SIZE                               
0000d848  __TI_CINIT_Base                             
0000d858  __TI_CINIT_Limit                            
0000d834  __TI_Handler_Table_Base                     
0000d840  __TI_Handler_Table_Limit                    
0000a408  __TI_PINIT_Base                             
0000a40c  __TI_PINIT_Limit                            
0000c740  __TI_auto_init                              
00009fac  __TI_cleanup                                
08002a24  __TI_cleanup_ptr                            
0000bd88  __TI_closefile                              
0000d0f8  __TI_decompress_none                        
0000d11c  __TI_decompress_rle24                       
0000b7e0  __TI_doflush                                
08002a28  __TI_dtors_ptr                              
08002a00  __TI_ft_end                                 
00003a90  __TI_printfi                                
0000bc04  __TI_rd_ok                                  
0000c8d8  __TI_readmsg                                
00000000  __TI_static_base__                          
08001e20  __TI_tmpnams                                
0000c888  __TI_writemsg                               
0000bb64  __TI_wrt_ok                                 
0000d10c  __TI_zero_init                              
0000c058  __aeabi_cdcmpeq                             
0000c058  __aeabi_cdcmple                             
0000c138  __aeabi_cdrcmple                            
0000cc94  __aeabi_d2iz                                
0000ccf0  __aeabi_d2uiz                               
0000a940  __aeabi_dadd                                
0000b0c4  __aeabi_ddiv                                
0000ba3c  __aeabi_dmul                                
0000a934  __aeabi_dsub                                
0000cf1c  __aeabi_i2d                                 
0000cda0  __aeabi_idiv                                
0000d128  __aeabi_idiv0                               
0000cda0  __aeabi_idivmod                             
0000c540  __aeabi_memclr                              
0000c540  __aeabi_memclr4                             
0000c540  __aeabi_memclr8                             
0000b254  __aeabi_memcpy                              
0000b254  __aeabi_memcpy4                             
0000b254  __aeabi_memcpy8                             
0000c544  __aeabi_memset                              
0000c544  __aeabi_memset4                             
0000c544  __aeabi_memset8                             
08002a0c  __aeabi_stderr                              
08002a04  __aeabi_stdin                               
08002a08  __aeabi_stdout                              
0000cf90  __aeabi_ui2d                                
0000cdf4  __aeabi_uidiv                               
0000cdf4  __aeabi_uidivmod                            
0000a410  __aeabi_uldivmod                            
ffffffff  __binit__                                   
ffffffff  __c_args__                                  
0000ab48  _c_int00                                    
0000a330  _coreClearAuxiliaryDataFault_               
0000a344  _coreClearAuxiliaryInstructionFault_        
0000a308  _coreClearDataFaultAddress_                 
0000a2e0  _coreClearDataFault_                        
0000a31c  _coreClearInstructionFaultAddress_          
0000a2f4  _coreClearInstructionFault_                 
0000a274  _coreDisableEventBusExport_                 
0000a2b8  _coreDisableFlashEcc_                       
0000a294  _coreDisableRamEcc_                         
0000a264  _coreEnableEventBusExport_                  
0000a2a4  _coreEnableFlashEcc_                        
0000a2c8  _coreEnableIrqVicOffset_                    
0000a284  _coreEnableRamEcc_                          
0000a328  _coreGetAuxiliaryDataFault_                 
0000a33c  _coreGetAuxiliaryInstructionFault_          
0000a300  _coreGetDataFaultAddress_                   
0000a2d8  _coreGetDataFault_                          
0000a314  _coreGetInstructionFaultAddress_            
0000a2ec  _coreGetInstructionFault_                   
0000a140  _coreInitRegisters_                         
0000a1f8  _coreInitStackPointer_                      
0000d64c  _ctypes_                                    
0000bf70  _dabort                                     
0000a358  _disable_FIQ_interrupt_                     
0000a360  _disable_IRQ_interrupt_                     
0000a350  _disable_interrupt_                         
0000a368  _enable_interrupt_                          
0000a3f8  _errata_CORTEXR4_66_                        
0000a370  _esmCcmErrorsClear_                         
08002710  _ftable                                     
0000a244  _getCPSRValue_                              
0000a24c  _gotoCPUIdle_                               
08002a1c  _lock                                       
0000d0b4  _nop                                        
0000c274  _pmuDisableCountersGlobal_                  
0000c264  _pmuEnableCountersGlobal_                   
0000c2d0  _pmuGetCycleCount_                          
0000c2d8  _pmuGetEventCount_                          
0000c2e4  _pmuGetOverflow_                            
0000c218  _pmuInit_                                   
0000c2a4  _pmuResetCounters_                          
0000c284  _pmuResetCycleCounter_                      
0000c294  _pmuResetEventCounters_                     
0000c2c4  _pmuSetCountEvent_                          
0000c2b4  _pmuStartCounters_                          
0000c2bc  _pmuStopCounters_                           
0000d0a8  _register_lock                              
0000d09c  _register_unlock                            
08001f10  _sys_memory                                 
08002a20  _unlock                                     
0000cb58  abort                                       
08001500  abuffer                                     
00001004  adc1ParityCheck                             
0000950c  add_device                                  
0000c9c8  atoi                                        
ffffffff  binit                                       
08001900  buffer                                      
00008aac  calloc                                      
000010bc  can1ParityCheck                             
00001198  can2ParityCheck                             
00007944  capGetSignal                                
00000030  ccmSelfCheck                                
00002034  ccmr4GetConfigValue                         
00000938  checkB0RAMECC                               
00000b28  checkB1RAMECC                               
00001604  checkClockMonitor                           
00000d18  checkFlashECC                               
000016d8  checkFlashEEPROMECC                         
00001880  checkPLL1Slip                               
0000199c  checkRAMAddrParity                          
000013bc  checkRAMECC                                 
00001aa4  checkRAMUERRTest                            
000007bc  checkefcSelfTest                            
0000947c  close                                       
0000ca4c  copy_in                                     
00000234  cpuSelfTest                                 
00000dfc  cpuSelfTestFail                             
00000df4  custom_dabort                               
00002424  disableParity                               
00007904  edgeDisableNotification                     
000078c8  edgeEnableNotification                      
0000789c  edgeGetCounter                              
0000c3a0  edgeNotification                            
00007870  edgeResetCounter                            
00000660  efcCheck                                    
00001f98  efcGetConfigValue                           
00000794  efcSelfTest                                 
000006e8  efcStuckZeroTest                            
000023d0  enableParity                                
000020b0  errata_PBIST_4                              
00008c90  esmActivateNormalOperation                  
00008d74  esmClearStatus                              
00008dc0  esmClearStatusBuffer                        
00008c54  esmDisableError                             
00008ccc  esmDisableInterrupt                         
00008c28  esmEnableError                              
00008ca0  esmEnableInterrupt                          
00008ec0  esmEnterSelfTest                            
00008c0c  esmError                                    
00008f98  esmGetConfigValue                           
00008dfc  esmGetStatus                                
00008e88  esmGetStatusBuffer                          
0000c2f8  esmGroup1Notification                       
0000c308  esmGroup2Notification                       
0000be84  esmHighInterrupt                            
00008b04  esmInit                                     
00008f48  esmSelfTestStatus                           
00008ddc  esmSetCounterPreloadValue                   
00008cf8  esmSetInterruptLevel                        
00008c80  esmTriggerErrorPinReset                     
0000cb64  exit                                        
0000be34  fclose                                      
0000cd48  feraiseexcept                               
0000b864  fflush                                      
00001c00  fmcBus1ParityCheck                          
0000085c  fmcBus2Check                                
00000898  fmcECCcheck                                 
0000a044  fopen                                       
0000bc7c  fputc                                       
0000ad50  fputs                                       
00008680  free                                        
00009ff8  freopen                                     
0000cfc4  frexp                                       
0000c5f0  fseek                                       
00009cf8  gioDisableNotification                      
00009cbc  gioEnableNotification                       
00009c24  gioGetBit                                   
00009d34  gioGetConfigValue                           
00009c4c  gioGetPort                                  
00009b00  gioInit                                     
0000c350  gioNotification                             
00009bb4  gioSetBit                                   
00009b94  gioSetDirection                             
00009c04  gioSetPort                                  
00009c64  gioToggleBit                                
00007a58  het1GetConfigValue                          
00000eac  het1ParityCheck                             
00007a40  hetGetTimestamp                             
00007324  hetInit                                     
0000c3b4  hetNotification                             
00007a24  hetResetTimestamp                           
00000f4c  htu1ParityCheck                             
0000cbc8  ldexp                                       
00009438  lseek                                       
0000cad0  ltoa                                        
0000b910  main                                        
000085c4  malloc                                      
000069ec  mapClocks                                   
0000896c  memalign                                    
0000cff4  memccpy                                     
0000d020  memchr                                      
0000b254  memcpy                                      
00000174  memoryInit                                  
0000c318  memoryPort0TestFailNotification             
0000c334  memoryPort1TestFailNotification             
0000c550  memset                                      
00001260  mibspi1ParityCheck                          
000084c8  minit                                       
0000b68c  muxInit                                     
00009320  open                                        
00001d2c  pbistFail                                   
00001db0  pbistGetConfigValue                         
000005a8  pbistIsTestCompleted                        
000005d4  pbistIsTestPassed                           
00000608  pbistPortTestStatus                         
000004ac  pbistRun                                    
000002cc  pbistSelfCheck                              
00000578  pbistStop                                   
00006998  periphInit                                  
0000d124  phantomInterrupt                            
0000b714  pinmuxGetConfigValue                        
0000c7ec  printf                                      
0000bc7c  putc                                        
0000bd74  putchar                                     
0000aeec  puts                                        
00007840  pwmDisableNotification                      
000077f8  pwmEnableNotification                       
00007710  pwmGetSignal                                
0000c388  pwmNotification                             
0000744c  pwmSetDuty                                  
00007588  pwmSetSignal                                
000073e4  pwmStart                                    
00007418  pwmStop                                     
0000ce44  raise                                       
000092dc  read                                        
000087d8  realloc                                     
000091e4  remove                                      
00009290  remove_device                               
00009224  rename                                      
00000000  resetEntry                                  
08002a38  sdtype                                      
00000020  selftestFailNotification                    
00006958  setupFlash                                  
000068c0  setupPLL                                    
0000b534  setvbuf                                     
0000cc30  signal                                      
000066bc  spi1GetConfigValue                          
00006644  spiDisableLoopback                          
00006690  spiDisableNotification                      
00006610  spiEnableLoopback                           
00006660  spiEnableNotification                       
0000c378  spiEndNotification                          
00006050  spiGetData                                  
00005de4  spiInit                                     
0000c364  spiNotification                             
00005f34  spiReceiveData                              
00006448  spiSendAndGetData                           
00006244  spiSendData                                 
00005f14  spiSetFunctional                            
0000630c  spiTransmitAndReceiveData                   
00006118  spiTransmitData                             
0000c698  sprintf                                     
00007138  sramGetConfigValue                          
00001ef8  stcGetConfigValue                           
000001b8  stcSelfCheck                                
00000df8  stcSelfCheckFail                            
0000d04c  strchr                                      
0000d074  strcmp                                      
0000d0e0  strcpy                                      
0000d0c0  strlen                                      
0000ce90  strncpy                                     
00006bcc  systemGetConfigValue                        
00006ad0  systemInit                                  
00006b9c  systemPowerDown                             
00006f8c  tcmflashGetConfigValue                      
00006910  trimLPO                                     
000091e4  unlink                                      
00005020  usd_check_card_presence                     
08002a34  usd_dtconf                                  
00004e60  usd_erase_blocks                            
00003f8c  usd_init                                    
00004d28  usd_read_block                              
000042fc  usd_send_command                            
00004f80  usd_spi_disable_card                        
00004f54  usd_spi_enable_card                         
00005b34  usd_test_erase_two_blocks                   
000059a4  usd_test_erase_two_continuous_blocks        
00005040  usd_test_one_write_one_read_same_block      
00005780  usd_test_read_after_erase                   
000051c0  usd_test_two_read_same_block                
0000554c  usd_test_two_write_and_read_different_blocks
000053c8  usd_test_two_write_and_read_same_block      
00005860  usd_test_write_erase_read                   
00005ce8  usd_unit_tests                              
00004bd0  usd_write_block                             
00007d04  vimChannelMap                               
00007f00  vimDisableInterrupt                         
00007da8  vimEnableInterrupt                          
00007f84  vimGetConfigValue                           
00007c30  vimInit                                     
00000e00  vimParityCheck                              
0000a6c8  vimParityErrorHandler                       
000090ec  write                                       
0000c3c8  write_usdcard                               


GLOBAL SYMBOLS: SORTED BY Symbol Address 

address   name                                        
-------   ----                                        
00000000  __TI_static_base__                          
00000000  resetEntry                                  
00000020  selftestFailNotification                    
00000030  ccmSelfCheck                                
00000174  memoryInit                                  
000001b8  stcSelfCheck                                
00000234  cpuSelfTest                                 
000002cc  pbistSelfCheck                              
000004ac  pbistRun                                    
00000578  pbistStop                                   
000005a8  pbistIsTestCompleted                        
000005d4  pbistIsTestPassed                           
00000608  pbistPortTestStatus                         
00000660  efcCheck                                    
000006e8  efcStuckZeroTest                            
00000794  efcSelfTest                                 
000007bc  checkefcSelfTest                            
00000800  __SYSMEM_SIZE                               
0000085c  fmcBus2Check                                
00000898  fmcECCcheck                                 
00000938  checkB0RAMECC                               
00000b28  checkB1RAMECC                               
00000d18  checkFlashECC                               
00000df4  custom_dabort                               
00000df8  stcSelfCheckFail                            
00000dfc  cpuSelfTestFail                             
00000e00  vimParityCheck                              
00000eac  het1ParityCheck                             
00000f4c  htu1ParityCheck                             
00001004  adc1ParityCheck                             
000010bc  can1ParityCheck                             
00001198  can2ParityCheck                             
00001260  mibspi1ParityCheck                          
000013bc  checkRAMECC                                 
00001604  checkClockMonitor                           
000016d8  checkFlashEEPROMECC                         
00001880  checkPLL1Slip                               
0000199c  checkRAMAddrParity                          
00001aa4  checkRAMUERRTest                            
00001c00  fmcBus1ParityCheck                          
00001d2c  pbistFail                                   
00001db0  pbistGetConfigValue                         
00001ef8  stcGetConfigValue                           
00001f98  efcGetConfigValue                           
00002034  ccmr4GetConfigValue                         
000020b0  errata_PBIST_4                              
000023d0  enableParity                                
00002424  disableParity                               
00003a90  __TI_printfi                                
00003f8c  usd_init                                    
000042fc  usd_send_command                            
00004bd0  usd_write_block                             
00004d28  usd_read_block                              
00004e60  usd_erase_blocks                            
00004f54  usd_spi_enable_card                         
00004f80  usd_spi_disable_card                        
00005020  usd_check_card_presence                     
00005040  usd_test_one_write_one_read_same_block      
000051c0  usd_test_two_read_same_block                
000053c8  usd_test_two_write_and_read_same_block      
0000554c  usd_test_two_write_and_read_different_blocks
00005780  usd_test_read_after_erase                   
00005860  usd_test_write_erase_read                   
000059a4  usd_test_erase_two_continuous_blocks        
00005b34  usd_test_erase_two_blocks                   
00005ce8  usd_unit_tests                              
00005de4  spiInit                                     
00005f14  spiSetFunctional                            
00005f34  spiReceiveData                              
00006050  spiGetData                                  
00006118  spiTransmitData                             
00006244  spiSendData                                 
0000630c  spiTransmitAndReceiveData                   
00006448  spiSendAndGetData                           
00006558  SpiTxStatus                                 
000065b4  SpiRxStatus                                 
00006610  spiEnableLoopback                           
00006644  spiDisableLoopback                          
00006660  spiEnableNotification                       
00006690  spiDisableNotification                      
000066bc  spi1GetConfigValue                          
000068c0  setupPLL                                    
00006910  trimLPO                                     
00006958  setupFlash                                  
00006998  periphInit                                  
000069ec  mapClocks                                   
00006ad0  systemInit                                  
00006b9c  systemPowerDown                             
00006bcc  systemGetConfigValue                        
00006f8c  tcmflashGetConfigValue                      
00007138  sramGetConfigValue                          
00007324  hetInit                                     
000073e4  pwmStart                                    
00007418  pwmStop                                     
0000744c  pwmSetDuty                                  
00007588  pwmSetSignal                                
00007710  pwmGetSignal                                
000077f8  pwmEnableNotification                       
00007840  pwmDisableNotification                      
00007870  edgeResetCounter                            
0000789c  edgeGetCounter                              
000078c8  edgeEnableNotification                      
00007904  edgeDisableNotification                     
00007944  capGetSignal                                
00007a24  hetResetTimestamp                           
00007a40  hetGetTimestamp                             
00007a58  het1GetConfigValue                          
00007c30  vimInit                                     
00007d04  vimChannelMap                               
00007da8  vimEnableInterrupt                          
00007f00  vimDisableInterrupt                         
00007f84  vimGetConfigValue                           
000084c8  minit                                       
000085c4  malloc                                      
00008680  free                                        
000087d8  realloc                                     
0000896c  memalign                                    
00008aac  calloc                                      
00008b04  esmInit                                     
00008c0c  esmError                                    
00008c28  esmEnableError                              
00008c54  esmDisableError                             
00008c80  esmTriggerErrorPinReset                     
00008c90  esmActivateNormalOperation                  
00008ca0  esmEnableInterrupt                          
00008ccc  esmDisableInterrupt                         
00008cf8  esmSetInterruptLevel                        
00008d74  esmClearStatus                              
00008dc0  esmClearStatusBuffer                        
00008ddc  esmSetCounterPreloadValue                   
00008dfc  esmGetStatus                                
00008e88  esmGetStatusBuffer                          
00008ec0  esmEnterSelfTest                            
00008f48  esmSelfTestStatus                           
00008f98  esmGetConfigValue                           
000090ec  write                                       
000091e4  remove                                      
000091e4  unlink                                      
00009224  rename                                      
00009290  remove_device                               
000092dc  read                                        
00009320  open                                        
00009438  lseek                                       
0000947c  close                                       
0000950c  add_device                                  
00009634  HOSTwrite                                   
000096b8  HOSTunlink                                  
0000971c  HOSTtime                                    
0000977c  HOSTrename                                  
00009814  HOSTread                                    
00009898  HOSTopen                                    
00009924  HOSTlseek                                   
000099c4  HOSTgetenv                                  
00009a2c  HOSTclose                                   
00009a94  HOSTclock                                   
00009b00  gioInit                                     
00009b94  gioSetDirection                             
00009bb4  gioSetBit                                   
00009c04  gioSetPort                                  
00009c24  gioGetBit                                   
00009c4c  gioGetPort                                  
00009c64  gioToggleBit                                
00009cbc  gioEnableNotification                       
00009cf8  gioDisableNotification                      
00009d34  gioGetConfigValue                           
00009fac  __TI_cleanup                                
00009ff8  freopen                                     
0000a044  fopen                                       
0000a140  _coreInitRegisters_                         
0000a1f8  _coreInitStackPointer_                      
0000a244  _getCPSRValue_                              
0000a24c  _gotoCPUIdle_                               
0000a264  _coreEnableEventBusExport_                  
0000a274  _coreDisableEventBusExport_                 
0000a284  _coreEnableRamEcc_                          
0000a294  _coreDisableRamEcc_                         
0000a2a4  _coreEnableFlashEcc_                        
0000a2b8  _coreDisableFlashEcc_                       
0000a2c8  _coreEnableIrqVicOffset_                    
0000a2d8  _coreGetDataFault_                          
0000a2e0  _coreClearDataFault_                        
0000a2ec  _coreGetInstructionFault_                   
0000a2f4  _coreClearInstructionFault_                 
0000a300  _coreGetDataFaultAddress_                   
0000a308  _coreClearDataFaultAddress_                 
0000a314  _coreGetInstructionFaultAddress_            
0000a31c  _coreClearInstructionFaultAddress_          
0000a328  _coreGetAuxiliaryDataFault_                 
0000a330  _coreClearAuxiliaryDataFault_               
0000a33c  _coreGetAuxiliaryInstructionFault_          
0000a344  _coreClearAuxiliaryInstructionFault_        
0000a350  _disable_interrupt_                         
0000a358  _disable_FIQ_interrupt_                     
0000a360  _disable_IRQ_interrupt_                     
0000a368  _enable_interrupt_                          
0000a370  _esmCcmErrorsClear_                         
0000a3f8  _errata_CORTEXR4_66_                        
0000a408  __TI_PINIT_Base                             
0000a40c  __TI_PINIT_Limit                            
0000a410  __aeabi_uldivmod                            
0000a6c8  vimParityErrorHandler                       
0000a934  __aeabi_dsub                                
0000a940  __aeabi_dadd                                
0000ab48  _c_int00                                    
0000ad50  fputs                                       
0000aeec  puts                                        
0000af24  _Dscale                                     
0000b0c4  __aeabi_ddiv                                
0000b254  __aeabi_memcpy                              
0000b254  __aeabi_memcpy4                             
0000b254  __aeabi_memcpy8                             
0000b254  memcpy                                      
0000b3d4  _Dnorm                                      
0000b534  setvbuf                                     
0000b68c  muxInit                                     
0000b714  pinmuxGetConfigValue                        
0000b7e0  __TI_doflush                                
0000b864  fflush                                      
0000b910  main                                        
0000ba3c  __aeabi_dmul                                
0000bb64  __TI_wrt_ok                                 
0000bc04  __TI_rd_ok                                  
0000bc7c  fputc                                       
0000bc7c  putc                                        
0000bd74  putchar                                     
0000bd88  __TI_closefile                              
0000be34  fclose                                      
0000be84  esmHighInterrupt                            
0000bf70  _dabort                                     
0000c058  __aeabi_cdcmpeq                             
0000c058  __aeabi_cdcmple                             
0000c138  __aeabi_cdrcmple                            
0000c218  _pmuInit_                                   
0000c264  _pmuEnableCountersGlobal_                   
0000c274  _pmuDisableCountersGlobal_                  
0000c284  _pmuResetCycleCounter_                      
0000c294  _pmuResetEventCounters_                     
0000c2a4  _pmuResetCounters_                          
0000c2b4  _pmuStartCounters_                          
0000c2bc  _pmuStopCounters_                           
0000c2c4  _pmuSetCountEvent_                          
0000c2d0  _pmuGetCycleCount_                          
0000c2d8  _pmuGetEventCount_                          
0000c2e4  _pmuGetOverflow_                            
0000c2f8  esmGroup1Notification                       
0000c308  esmGroup2Notification                       
0000c318  memoryPort0TestFailNotification             
0000c334  memoryPort1TestFailNotification             
0000c350  gioNotification                             
0000c364  spiNotification                             
0000c378  spiEndNotification                          
0000c388  pwmNotification                             
0000c3a0  edgeNotification                            
0000c3b4  hetNotification                             
0000c3c8  write_usdcard                               
0000c48c  _Dunscale                                   
0000c540  __aeabi_memclr                              
0000c540  __aeabi_memclr4                             
0000c540  __aeabi_memclr8                             
0000c544  __aeabi_memset                              
0000c544  __aeabi_memset4                             
0000c544  __aeabi_memset8                             
0000c550  memset                                      
0000c5f0  fseek                                       
0000c698  sprintf                                     
0000c740  __TI_auto_init                              
0000c7ec  printf                                      
0000c888  __TI_writemsg                               
0000c8d0  C$$IO$$                                     
0000c8d8  __TI_readmsg                                
0000c9c8  atoi                                        
0000ca4c  copy_in                                     
0000cad0  ltoa                                        
0000cb50  C$$EXIT                                     
0000cb58  abort                                       
0000cb64  exit                                        
0000cbc8  ldexp                                       
0000cc30  signal                                      
0000cc94  __aeabi_d2iz                                
0000ccf0  __aeabi_d2uiz                               
0000cd48  feraiseexcept                               
0000cda0  __aeabi_idiv                                
0000cda0  __aeabi_idivmod                             
0000cdf4  __aeabi_uidiv                               
0000cdf4  __aeabi_uidivmod                            
0000ce44  raise                                       
0000ce90  strncpy                                     
0000ced8  _Feraise                                    
0000cf1c  __aeabi_i2d                                 
0000cf58  _Dclass                                     
0000cf90  __aeabi_ui2d                                
0000cfc4  frexp                                       
0000cff4  memccpy                                     
0000d020  memchr                                      
0000d04c  strchr                                      
0000d074  strcmp                                      
0000d09c  _register_unlock                            
0000d0a8  _register_lock                              
0000d0b4  _nop                                        
0000d0c0  strlen                                      
0000d0e0  strcpy                                      
0000d0f8  __TI_decompress_none                        
0000d10c  __TI_zero_init                              
0000d11c  __TI_decompress_rle24                       
0000d124  phantomInterrupt                            
0000d128  __aeabi_idiv0                               
0000d64c  _ctypes_                                    
0000d834  __TI_Handler_Table_Base                     
0000d840  __TI_Handler_Table_Limit                    
0000d848  __TI_CINIT_Base                             
0000d858  __TI_CINIT_Limit                            
08001500  abuffer                                     
08001900  buffer                                      
08001d00  __CIOBUF_                                   
08001e20  __TI_tmpnams                                
08001f10  _sys_memory                                 
08002710  _ftable                                     
08002980  _Denorm                                     
08002990  _Eps                                        
080029a0  _Hugeval                                    
080029b0  _Inf                                        
080029c0  _Nan                                        
080029d0  _Snan                                       
080029e0  _Rteps                                      
080029f0  _Xbig                                       
080029f8  _Zero                                       
08002a00  __TI_ft_end                                 
08002a04  __aeabi_stdin                               
08002a08  __aeabi_stdout                              
08002a0c  __aeabi_stderr                              
08002a1c  _lock                                       
08002a20  _unlock                                     
08002a24  __TI_cleanup_ptr                            
08002a28  __TI_dtors_ptr                              
08002a2c  _Fenv                                       
08002a30  _Tls_setup__Fenv                            
08002a34  usd_dtconf                                  
08002a38  sdtype                                      
08002a3c  _Errno                                      
ffffffff  __binit__                                   
ffffffff  __c_args__                                  
ffffffff  binit                                       
UNDEFED   SHT$$INIT_ARRAY$$Base                       
UNDEFED   SHT$$INIT_ARRAY$$Limit                      

[344 symbols]
